**********************
PowerShell transcript start
Start time: 20260803230935
Username: AzureAD\PascalZIMMER_b9lyro1
RunAs User: AzureAD\PascalZIMMER_b9lyro1
Configuration Name: 
Machine: ZENBOOK17 (Microsoft Windows NT 10.0.26200.0)
Host Application: C:\Program Files\PowerShell\7\pwsh.dll -NoProfile -ExecutionPolicy Bypass -File C:\Users\PascalZIMMER_b9lyro1\DemainSite\DemainSite écosystème - Bibliothèque Centrale\DSE-IMPORT-PAYS-MONDE-V2-0\RUN-IMPORT-PAYS-MONDE-V2.ps1 -Mode Update
Process ID: 2812
PSVersion: 7.6.3
PSEdition: Core
GitCommitId: 7.6.3
OS: Microsoft Windows 10.0.26200
Platform: Win32NT
PSCompatibleVersions: 1.0, 2.0, 3.0, 4.0, 5.0, 5.1, 6.0, 7.0
PSRemotingProtocolVersion: 2.4
SerializationVersion: 1.1.0.1
WSManStackVersion: 3.0
**********************

============================================================
 DEMAINSITE - IMPORT PAYS MONDE V2.0
============================================================
Mode : Update
Site : https://blogssite.sharepoint.com/sites/Bibliotheque
Tenant : demainsite.com
ClientId : 5d607413-77c5-47b2-975a-eaca6827921c

============================================================
 CONNEXION SHAREPOINT DEMAINSITE
============================================================
PS>TerminatingError(Get-PnPWeb): "You are not signed in. Please use Connect-PnPOnline to connect."
Connexion SharePoint absente. Connexion DeviceLogin...
Connexion SharePoint OK : https://blogssite.sharepoint.com/sites/Bibliotheque

============================================================
 PREPARATION LISTE PAYS
============================================================
Colonne preparee : Pays / Code ISO3
Colonne preparee : Pays / Code Numerique
Colonne preparee : Pays / Nom Pays
Colonne preparee : Pays / Nom Pays Source
Colonne preparee : Pays / Nom Officiel
Colonne preparee : Pays / Continent
Colonne preparee : Pays / Sous Region
Colonne preparee : Pays / Region Intermediaire
Colonne preparee : Pays / Code Region ONU
Colonne preparee : Pays / Code Sous Region ONU
Colonne preparee : Pays / Code ISO 3166-2
Colonne preparee : Pays / Source Donnee
Colonne date preparee : Pays / Date Import

============================================================
 TELECHARGEMENT SOURCE ISO 3166
============================================================
Source telechargee : C:\Users\PascalZIMMER_b9lyro1\DemainSite\DemainSite écosystème - Bibliothèque Centrale\DSE-IMPORT-PAYS-MONDE-V2-0\data\iso-3166-all.csv
Pays lus depuis la source : 249

============================================================
 LECTURE INDEX PAYS
============================================================
Pays existants indexes : 1

============================================================
 IMPORT / MISE A JOUR PAYS
============================================================

============================================================
 CREATION VUES PAYS
============================================================
Vue creee : Pays - Tous A-Z
Vue creee : Pays - Africa
Vue creee : Pays - Americas
Vue creee : Pays - Asia
Vue creee : Pays - Europe
Vue creee : Pays - Oceania

============================================================
 RAPPORT FINAL
============================================================
Pays source : 249
Pays ajoutes : 248
Pays mis a jour : 1
Lignes ignorees : 0
Log : C:\Users\PascalZIMMER_b9lyro1\DemainSite\DemainSite écosystème - Bibliothèque Centrale\DSE-IMPORT-PAYS-MONDE-V2-0\logs\DSE-IMPORT-PAYS-MONDE-20260803-230935.log
PS>TerminatingError(Add-PnPListItem): "The running command stopped because the preference variable "ErrorActionPreference" or common parameter is set to Stop: Valeur de texte non valide.

Un champ texte contient des données non valides. Vérifiez la valeur, puis réessayez."
Journal non ecrit : Valeur de texte non valide.

Un champ texte contient des données non valides. Vérifiez la valeur, puis réessayez.
**********************
PowerShell transcript end
End time: 20260803231320
**********************
