**********************
PowerShell transcript start
Start time: 20260804100451
Username: AzureAD\PascalZIMMER_b9lyro1
RunAs User: AzureAD\PascalZIMMER_b9lyro1
Configuration Name: 
Machine: ZENBOOK17 (Microsoft Windows NT 10.0.26200.0)
Host Application: C:\Program Files\PowerShell\7\pwsh.dll -NoProfile -ExecutionPolicy Bypass -File C:\Users\PascalZIMMER_b9lyro1\DemainSite\DemainSite écosystème - Bibliothèque Centrale\DSE-INSTALLER-VILLES-PAR-DEPARTEMENT-V1-2\RUN-INSTALL-VILLES-PAR-DEPARTEMENT.ps1 -Choix oui
Process ID: 12420
PSVersion: 7.6.3
PSEdition: Core
GitCommitId: 7.6.3
OS: Microsoft Windows 10.0.26200
Platform: Win32NT
PSCompatibleVersions: 1.0, 2.0, 3.0, 4.0, 5.0, 5.1, 6.0, 7.0
PSRemotingProtocolVersion: 2.4
SerializationVersion: 1.1.0.1
WSManStackVersion: 3.0
**********************

============================================================
 DEMAINSITE ECOSYSTEME - VILLES PAR DEPARTEMENT V1.2
============================================================

============================================================
 CONNEXION SHAREPOINT DEMAINSITE
============================================================
PS>TerminatingError(Get-PnPWeb): "You are not signed in. Please use Connect-PnPOnline to connect."
Connexion SharePoint absente. Connexion DeviceLogin...
Connexion SharePoint OK : https://blogssite.sharepoint.com/sites/Bibliotheque
Liste presente : Journal actions
Liste presente : Journal erreurs

============================================================
 PREPARATION INDEX VILLES
============================================================
Liste presente : Geo - Villes Index

============================================================
 NOTE PROJET SHAREPOINT
============================================================
Liste presente : Projets
Projet mis a jour : PROJET-GEO-VILLES-PAR-DEPARTEMENT
Lecture API : https://geo.api.gouv.fr/departements

============================================================
 MODE STRUCTURE
============================================================
Liste creee : Villes-01
Colonne creee : Villes-01 / Code INSEE
Colonne creee : Villes-01 / Nom commune
Colonne creee : Villes-01 / Code departement
Colonne creee : Villes-01 / Nom departement
Colonne creee : Villes-01 / Code region
Colonne texte long creee : Villes-01 / Codes postaux
Colonne nombre creee : Villes-01 / Population
Colonne creee : Villes-01 / SIREN
Colonne creee : Villes-01 / Code EPCI
Colonne creee : Villes-01 / Statut geo
Colonne creee : Villes-01 / Article WordPress
Colonne creee : Villes-01 / Produits lies
Colonne creee : Villes-01 / Medias lies
Colonne nombre creee : Villes-01 / Score completude
Colonne creee : Villes-01 / Source donnee
Colonne date creee : Villes-01 / Date import
Vue creee : Villes-01 / Toutes les villes
Vue creee : Villes-01 / A completer
Vue creee : Villes-01 / Sans article WordPress
Vue creee : Villes-01 / Avec article WordPress
Liste creee : Villes-02
Colonne creee : Villes-02 / Code INSEE
Colonne creee : Villes-02 / Nom commune
Colonne creee : Villes-02 / Code departement
Colonne creee : Villes-02 / Nom departement
Colonne creee : Villes-02 / Code region
Colonne texte long creee : Villes-02 / Codes postaux
Colonne nombre creee : Villes-02 / Population
Colonne creee : Villes-02 / SIREN
Colonne creee : Villes-02 / Code EPCI
Colonne creee : Villes-02 / Statut geo
Colonne creee : Villes-02 / Article WordPress
Colonne creee : Villes-02 / Produits lies
Colonne creee : Villes-02 / Medias lies
Colonne nombre creee : Villes-02 / Score completude
Colonne creee : Villes-02 / Source donnee
Colonne date creee : Villes-02 / Date import
Vue creee : Villes-02 / Toutes les villes
Vue creee : Villes-02 / A completer
Vue creee : Villes-02 / Sans article WordPress
Vue creee : Villes-02 / Avec article WordPress
Liste creee : Villes-03
Colonne creee : Villes-03 / Code INSEE
Colonne creee : Villes-03 / Nom commune
Colonne creee : Villes-03 / Code departement
Colonne creee : Villes-03 / Nom departement
Colonne creee : Villes-03 / Code region
Colonne texte long creee : Villes-03 / Codes postaux
Colonne nombre creee : Villes-03 / Population
Colonne creee : Villes-03 / SIREN
Colonne creee : Villes-03 / Code EPCI
Colonne creee : Villes-03 / Statut geo
Colonne creee : Villes-03 / Article WordPress
Colonne creee : Villes-03 / Produits lies
Colonne creee : Villes-03 / Medias lies
Colonne nombre creee : Villes-03 / Score completude
Colonne creee : Villes-03 / Source donnee
Colonne date creee : Villes-03 / Date import
Vue creee : Villes-03 / Toutes les villes
Vue creee : Villes-03 / A completer
Vue creee : Villes-03 / Sans article WordPress
Vue creee : Villes-03 / Avec article WordPress
Liste creee : Villes-04
Colonne creee : Villes-04 / Code INSEE
Colonne creee : Villes-04 / Nom commune
Colonne creee : Villes-04 / Code departement
Colonne creee : Villes-04 / Nom departement
Colonne creee : Villes-04 / Code region
Colonne texte long creee : Villes-04 / Codes postaux
Colonne nombre creee : Villes-04 / Population
Colonne creee : Villes-04 / SIREN
Colonne creee : Villes-04 / Code EPCI
Colonne creee : Villes-04 / Statut geo
Colonne creee : Villes-04 / Article WordPress
Colonne creee : Villes-04 / Produits lies
Colonne creee : Villes-04 / Medias lies
Colonne nombre creee : Villes-04 / Score completude
Colonne creee : Villes-04 / Source donnee
Colonne date creee : Villes-04 / Date import
Vue creee : Villes-04 / Toutes les villes
Vue creee : Villes-04 / A completer
Vue creee : Villes-04 / Sans article WordPress
Vue creee : Villes-04 / Avec article WordPress
Liste creee : Villes-05
Colonne creee : Villes-05 / Code INSEE
Colonne creee : Villes-05 / Nom commune
Colonne creee : Villes-05 / Code departement
Colonne creee : Villes-05 / Nom departement
Colonne creee : Villes-05 / Code region
Colonne texte long creee : Villes-05 / Codes postaux
Colonne nombre creee : Villes-05 / Population
Colonne creee : Villes-05 / SIREN
Colonne creee : Villes-05 / Code EPCI
Colonne creee : Villes-05 / Statut geo
Colonne creee : Villes-05 / Article WordPress
Colonne creee : Villes-05 / Produits lies
Colonne creee : Villes-05 / Medias lies
Colonne nombre creee : Villes-05 / Score completude
Colonne creee : Villes-05 / Source donnee
Colonne date creee : Villes-05 / Date import
Vue creee : Villes-05 / Toutes les villes
Vue creee : Villes-05 / A completer
Vue creee : Villes-05 / Sans article WordPress
Vue creee : Villes-05 / Avec article WordPress
Liste creee : Villes-06
Colonne creee : Villes-06 / Code INSEE
Colonne creee : Villes-06 / Nom commune
Colonne creee : Villes-06 / Code departement
Colonne creee : Villes-06 / Nom departement
Colonne creee : Villes-06 / Code region
Colonne texte long creee : Villes-06 / Codes postaux
Colonne nombre creee : Villes-06 / Population
Colonne creee : Villes-06 / SIREN
Colonne creee : Villes-06 / Code EPCI
Colonne creee : Villes-06 / Statut geo
Colonne creee : Villes-06 / Article WordPress
Colonne creee : Villes-06 / Produits lies
Colonne creee : Villes-06 / Medias lies
Colonne nombre creee : Villes-06 / Score completude
Colonne creee : Villes-06 / Source donnee
Colonne date creee : Villes-06 / Date import
Vue creee : Villes-06 / Toutes les villes
Vue creee : Villes-06 / A completer
Vue creee : Villes-06 / Sans article WordPress
Vue creee : Villes-06 / Avec article WordPress
Liste creee : Villes-07
Colonne creee : Villes-07 / Code INSEE
Colonne creee : Villes-07 / Nom commune
Colonne creee : Villes-07 / Code departement
Colonne creee : Villes-07 / Nom departement
Colonne creee : Villes-07 / Code region
Colonne texte long creee : Villes-07 / Codes postaux
Colonne nombre creee : Villes-07 / Population
Colonne creee : Villes-07 / SIREN
Colonne creee : Villes-07 / Code EPCI
Colonne creee : Villes-07 / Statut geo
Colonne creee : Villes-07 / Article WordPress
Colonne creee : Villes-07 / Produits lies
Colonne creee : Villes-07 / Medias lies
Colonne nombre creee : Villes-07 / Score completude
Colonne creee : Villes-07 / Source donnee
Colonne date creee : Villes-07 / Date import
Vue creee : Villes-07 / Toutes les villes
Vue creee : Villes-07 / A completer
Vue creee : Villes-07 / Sans article WordPress
Vue creee : Villes-07 / Avec article WordPress
Liste creee : Villes-08
Colonne creee : Villes-08 / Code INSEE
Colonne creee : Villes-08 / Nom commune
Colonne creee : Villes-08 / Code departement
Colonne creee : Villes-08 / Nom departement
Colonne creee : Villes-08 / Code region
Colonne texte long creee : Villes-08 / Codes postaux
Colonne nombre creee : Villes-08 / Population
Colonne creee : Villes-08 / SIREN
Colonne creee : Villes-08 / Code EPCI
Colonne creee : Villes-08 / Statut geo
Colonne creee : Villes-08 / Article WordPress
Colonne creee : Villes-08 / Produits lies
Colonne creee : Villes-08 / Medias lies
Colonne nombre creee : Villes-08 / Score completude
Colonne creee : Villes-08 / Source donnee
Colonne date creee : Villes-08 / Date import
Vue creee : Villes-08 / Toutes les villes
Vue creee : Villes-08 / A completer
Vue creee : Villes-08 / Sans article WordPress
Vue creee : Villes-08 / Avec article WordPress
Liste creee : Villes-09
Colonne creee : Villes-09 / Code INSEE
Colonne creee : Villes-09 / Nom commune
Colonne creee : Villes-09 / Code departement
Colonne creee : Villes-09 / Nom departement
Colonne creee : Villes-09 / Code region
Colonne texte long creee : Villes-09 / Codes postaux
Colonne nombre creee : Villes-09 / Population
Colonne creee : Villes-09 / SIREN
Colonne creee : Villes-09 / Code EPCI
Colonne creee : Villes-09 / Statut geo
Colonne creee : Villes-09 / Article WordPress
Colonne creee : Villes-09 / Produits lies
Colonne creee : Villes-09 / Medias lies
Colonne nombre creee : Villes-09 / Score completude
Colonne creee : Villes-09 / Source donnee
Colonne date creee : Villes-09 / Date import
Vue creee : Villes-09 / Toutes les villes
Vue creee : Villes-09 / A completer
Vue creee : Villes-09 / Sans article WordPress
Vue creee : Villes-09 / Avec article WordPress
Liste creee : Villes-10
Colonne creee : Villes-10 / Code INSEE
Colonne creee : Villes-10 / Nom commune
Colonne creee : Villes-10 / Code departement
Colonne creee : Villes-10 / Nom departement
Colonne creee : Villes-10 / Code region
Colonne texte long creee : Villes-10 / Codes postaux
Colonne nombre creee : Villes-10 / Population
Colonne creee : Villes-10 / SIREN
Colonne creee : Villes-10 / Code EPCI
Colonne creee : Villes-10 / Statut geo
Colonne creee : Villes-10 / Article WordPress
Colonne creee : Villes-10 / Produits lies
Colonne creee : Villes-10 / Medias lies
Colonne nombre creee : Villes-10 / Score completude
Colonne creee : Villes-10 / Source donnee
Colonne date creee : Villes-10 / Date import
Vue creee : Villes-10 / Toutes les villes
Vue creee : Villes-10 / A completer
Vue creee : Villes-10 / Sans article WordPress
Vue creee : Villes-10 / Avec article WordPress
Liste creee : Villes-11
Colonne creee : Villes-11 / Code INSEE
Colonne creee : Villes-11 / Nom commune
Colonne creee : Villes-11 / Code departement
Colonne creee : Villes-11 / Nom departement
Colonne creee : Villes-11 / Code region
Colonne texte long creee : Villes-11 / Codes postaux
Colonne nombre creee : Villes-11 / Population
Colonne creee : Villes-11 / SIREN
Colonne creee : Villes-11 / Code EPCI
Colonne creee : Villes-11 / Statut geo
Colonne creee : Villes-11 / Article WordPress
Colonne creee : Villes-11 / Produits lies
Colonne creee : Villes-11 / Medias lies
Colonne nombre creee : Villes-11 / Score completude
Colonne creee : Villes-11 / Source donnee
Colonne date creee : Villes-11 / Date import
Vue creee : Villes-11 / Toutes les villes
Vue creee : Villes-11 / A completer
Vue creee : Villes-11 / Sans article WordPress
Vue creee : Villes-11 / Avec article WordPress
Liste creee : Villes-12
Colonne creee : Villes-12 / Code INSEE
Colonne creee : Villes-12 / Nom commune
Colonne creee : Villes-12 / Code departement
Colonne creee : Villes-12 / Nom departement
Colonne creee : Villes-12 / Code region
Colonne texte long creee : Villes-12 / Codes postaux
Colonne nombre creee : Villes-12 / Population
Colonne creee : Villes-12 / SIREN
Colonne creee : Villes-12 / Code EPCI
Colonne creee : Villes-12 / Statut geo
Colonne creee : Villes-12 / Article WordPress
Colonne creee : Villes-12 / Produits lies
Colonne creee : Villes-12 / Medias lies
Colonne nombre creee : Villes-12 / Score completude
Colonne creee : Villes-12 / Source donnee
Colonne date creee : Villes-12 / Date import
Vue creee : Villes-12 / Toutes les villes
Vue creee : Villes-12 / A completer
Vue creee : Villes-12 / Sans article WordPress
Vue creee : Villes-12 / Avec article WordPress
Liste creee : Villes-13
Colonne creee : Villes-13 / Code INSEE
Colonne creee : Villes-13 / Nom commune
Colonne creee : Villes-13 / Code departement
Colonne creee : Villes-13 / Nom departement
Colonne creee : Villes-13 / Code region
Colonne texte long creee : Villes-13 / Codes postaux
Colonne nombre creee : Villes-13 / Population
Colonne creee : Villes-13 / SIREN
Colonne creee : Villes-13 / Code EPCI
Colonne creee : Villes-13 / Statut geo
Colonne creee : Villes-13 / Article WordPress
Colonne creee : Villes-13 / Produits lies
Colonne creee : Villes-13 / Medias lies
Colonne nombre creee : Villes-13 / Score completude
Colonne creee : Villes-13 / Source donnee
Colonne date creee : Villes-13 / Date import
Vue creee : Villes-13 / Toutes les villes
Vue creee : Villes-13 / A completer
Vue creee : Villes-13 / Sans article WordPress
Vue creee : Villes-13 / Avec article WordPress
Liste creee : Villes-14
Colonne creee : Villes-14 / Code INSEE
Colonne creee : Villes-14 / Nom commune
Colonne creee : Villes-14 / Code departement
Colonne creee : Villes-14 / Nom departement
Colonne creee : Villes-14 / Code region
Colonne texte long creee : Villes-14 / Codes postaux
Colonne nombre creee : Villes-14 / Population
Colonne creee : Villes-14 / SIREN
Colonne creee : Villes-14 / Code EPCI
Colonne creee : Villes-14 / Statut geo
Colonne creee : Villes-14 / Article WordPress
Colonne creee : Villes-14 / Produits lies
Colonne creee : Villes-14 / Medias lies
Colonne nombre creee : Villes-14 / Score completude
Colonne creee : Villes-14 / Source donnee
Colonne date creee : Villes-14 / Date import
Vue creee : Villes-14 / Toutes les villes
Vue creee : Villes-14 / A completer
Vue creee : Villes-14 / Sans article WordPress
Vue creee : Villes-14 / Avec article WordPress
Liste creee : Villes-15
Colonne creee : Villes-15 / Code INSEE
Colonne creee : Villes-15 / Nom commune
Colonne creee : Villes-15 / Code departement
Colonne creee : Villes-15 / Nom departement
Colonne creee : Villes-15 / Code region
Colonne texte long creee : Villes-15 / Codes postaux
Colonne nombre creee : Villes-15 / Population
Colonne creee : Villes-15 / SIREN
Colonne creee : Villes-15 / Code EPCI
Colonne creee : Villes-15 / Statut geo
Colonne creee : Villes-15 / Article WordPress
Colonne creee : Villes-15 / Produits lies
Colonne creee : Villes-15 / Medias lies
Colonne nombre creee : Villes-15 / Score completude
Colonne creee : Villes-15 / Source donnee
Colonne date creee : Villes-15 / Date import
Vue creee : Villes-15 / Toutes les villes
Vue creee : Villes-15 / A completer
Vue creee : Villes-15 / Sans article WordPress
Vue creee : Villes-15 / Avec article WordPress
Liste creee : Villes-16
Colonne creee : Villes-16 / Code INSEE
Colonne creee : Villes-16 / Nom commune
Colonne creee : Villes-16 / Code departement
Colonne creee : Villes-16 / Nom departement
Colonne creee : Villes-16 / Code region
Colonne texte long creee : Villes-16 / Codes postaux
Colonne nombre creee : Villes-16 / Population
Colonne creee : Villes-16 / SIREN
Colonne creee : Villes-16 / Code EPCI
Colonne creee : Villes-16 / Statut geo
Colonne creee : Villes-16 / Article WordPress
Colonne creee : Villes-16 / Produits lies
Colonne creee : Villes-16 / Medias lies
Colonne nombre creee : Villes-16 / Score completude
Colonne creee : Villes-16 / Source donnee
Colonne date creee : Villes-16 / Date import
Vue creee : Villes-16 / Toutes les villes
Vue creee : Villes-16 / A completer
Vue creee : Villes-16 / Sans article WordPress
Vue creee : Villes-16 / Avec article WordPress
Liste creee : Villes-17
Colonne creee : Villes-17 / Code INSEE
Colonne creee : Villes-17 / Nom commune
Colonne creee : Villes-17 / Code departement
Colonne creee : Villes-17 / Nom departement
Colonne creee : Villes-17 / Code region
Colonne texte long creee : Villes-17 / Codes postaux
Colonne nombre creee : Villes-17 / Population
Colonne creee : Villes-17 / SIREN
Colonne creee : Villes-17 / Code EPCI
Colonne creee : Villes-17 / Statut geo
Colonne creee : Villes-17 / Article WordPress
Colonne creee : Villes-17 / Produits lies
Colonne creee : Villes-17 / Medias lies
Colonne nombre creee : Villes-17 / Score completude
Colonne creee : Villes-17 / Source donnee
Colonne date creee : Villes-17 / Date import
Vue creee : Villes-17 / Toutes les villes
Vue creee : Villes-17 / A completer
Vue creee : Villes-17 / Sans article WordPress
Vue creee : Villes-17 / Avec article WordPress
Liste creee : Villes-18
Colonne creee : Villes-18 / Code INSEE
Colonne creee : Villes-18 / Nom commune
Colonne creee : Villes-18 / Code departement
Colonne creee : Villes-18 / Nom departement
Colonne creee : Villes-18 / Code region
Colonne texte long creee : Villes-18 / Codes postaux
Colonne nombre creee : Villes-18 / Population
Colonne creee : Villes-18 / SIREN
Colonne creee : Villes-18 / Code EPCI
Colonne creee : Villes-18 / Statut geo
Colonne creee : Villes-18 / Article WordPress
Colonne creee : Villes-18 / Produits lies
Colonne creee : Villes-18 / Medias lies
Colonne nombre creee : Villes-18 / Score completude
Colonne creee : Villes-18 / Source donnee
Colonne date creee : Villes-18 / Date import
Vue creee : Villes-18 / Toutes les villes
Vue creee : Villes-18 / A completer
Vue creee : Villes-18 / Sans article WordPress
Vue creee : Villes-18 / Avec article WordPress
Liste creee : Villes-19
Colonne creee : Villes-19 / Code INSEE
Colonne creee : Villes-19 / Nom commune
Colonne creee : Villes-19 / Code departement
Colonne creee : Villes-19 / Nom departement
Colonne creee : Villes-19 / Code region
Colonne texte long creee : Villes-19 / Codes postaux
Colonne nombre creee : Villes-19 / Population
Colonne creee : Villes-19 / SIREN
Colonne creee : Villes-19 / Code EPCI
Colonne creee : Villes-19 / Statut geo
Colonne creee : Villes-19 / Article WordPress
Colonne creee : Villes-19 / Produits lies
Colonne creee : Villes-19 / Medias lies
Colonne nombre creee : Villes-19 / Score completude
Colonne creee : Villes-19 / Source donnee
Colonne date creee : Villes-19 / Date import
Vue creee : Villes-19 / Toutes les villes
Vue creee : Villes-19 / A completer
Vue creee : Villes-19 / Sans article WordPress
Vue creee : Villes-19 / Avec article WordPress
Liste creee : Villes-21
Colonne creee : Villes-21 / Code INSEE
Colonne creee : Villes-21 / Nom commune
Colonne creee : Villes-21 / Code departement
Colonne creee : Villes-21 / Nom departement
Colonne creee : Villes-21 / Code region
Colonne texte long creee : Villes-21 / Codes postaux
Colonne nombre creee : Villes-21 / Population
Colonne creee : Villes-21 / SIREN
Colonne creee : Villes-21 / Code EPCI
Colonne creee : Villes-21 / Statut geo
Colonne creee : Villes-21 / Article WordPress
Colonne creee : Villes-21 / Produits lies
Colonne creee : Villes-21 / Medias lies
Colonne nombre creee : Villes-21 / Score completude
Colonne creee : Villes-21 / Source donnee
Colonne date creee : Villes-21 / Date import
Vue creee : Villes-21 / Toutes les villes
Vue creee : Villes-21 / A completer
Vue creee : Villes-21 / Sans article WordPress
Vue creee : Villes-21 / Avec article WordPress
Liste creee : Villes-22
Colonne creee : Villes-22 / Code INSEE
Colonne creee : Villes-22 / Nom commune
Colonne creee : Villes-22 / Code departement
Colonne creee : Villes-22 / Nom departement
Colonne creee : Villes-22 / Code region
Colonne texte long creee : Villes-22 / Codes postaux
Colonne nombre creee : Villes-22 / Population
Colonne creee : Villes-22 / SIREN
Colonne creee : Villes-22 / Code EPCI
Colonne creee : Villes-22 / Statut geo
Colonne creee : Villes-22 / Article WordPress
Colonne creee : Villes-22 / Produits lies
Colonne creee : Villes-22 / Medias lies
Colonne nombre creee : Villes-22 / Score completude
Colonne creee : Villes-22 / Source donnee
Colonne date creee : Villes-22 / Date import
Vue creee : Villes-22 / Toutes les villes
Vue creee : Villes-22 / A completer
Vue creee : Villes-22 / Sans article WordPress
Vue creee : Villes-22 / Avec article WordPress
Liste creee : Villes-23
Colonne creee : Villes-23 / Code INSEE
Colonne creee : Villes-23 / Nom commune
Colonne creee : Villes-23 / Code departement
Colonne creee : Villes-23 / Nom departement
Colonne creee : Villes-23 / Code region
Colonne texte long creee : Villes-23 / Codes postaux
Colonne nombre creee : Villes-23 / Population
Colonne creee : Villes-23 / SIREN
Colonne creee : Villes-23 / Code EPCI
Colonne creee : Villes-23 / Statut geo
Colonne creee : Villes-23 / Article WordPress
Colonne creee : Villes-23 / Produits lies
Colonne creee : Villes-23 / Medias lies
Colonne nombre creee : Villes-23 / Score completude
Colonne creee : Villes-23 / Source donnee
Colonne date creee : Villes-23 / Date import
Vue creee : Villes-23 / Toutes les villes
Vue creee : Villes-23 / A completer
Vue creee : Villes-23 / Sans article WordPress
Vue creee : Villes-23 / Avec article WordPress
Liste creee : Villes-24
Colonne creee : Villes-24 / Code INSEE
Colonne creee : Villes-24 / Nom commune
Colonne creee : Villes-24 / Code departement
Colonne creee : Villes-24 / Nom departement
Colonne creee : Villes-24 / Code region
Colonne texte long creee : Villes-24 / Codes postaux
Colonne nombre creee : Villes-24 / Population
Colonne creee : Villes-24 / SIREN
Colonne creee : Villes-24 / Code EPCI
Colonne creee : Villes-24 / Statut geo
Colonne creee : Villes-24 / Article WordPress
Colonne creee : Villes-24 / Produits lies
Colonne creee : Villes-24 / Medias lies
Colonne nombre creee : Villes-24 / Score completude
Colonne creee : Villes-24 / Source donnee
Colonne date creee : Villes-24 / Date import
Vue creee : Villes-24 / Toutes les villes
Vue creee : Villes-24 / A completer
Vue creee : Villes-24 / Sans article WordPress
Vue creee : Villes-24 / Avec article WordPress
Liste creee : Villes-25
Colonne creee : Villes-25 / Code INSEE
Colonne creee : Villes-25 / Nom commune
Colonne creee : Villes-25 / Code departement
Colonne creee : Villes-25 / Nom departement
Colonne creee : Villes-25 / Code region
Colonne texte long creee : Villes-25 / Codes postaux
Colonne nombre creee : Villes-25 / Population
Colonne creee : Villes-25 / SIREN
Colonne creee : Villes-25 / Code EPCI
Colonne creee : Villes-25 / Statut geo
Colonne creee : Villes-25 / Article WordPress
Colonne creee : Villes-25 / Produits lies
Colonne creee : Villes-25 / Medias lies
Colonne nombre creee : Villes-25 / Score completude
Colonne creee : Villes-25 / Source donnee
Colonne date creee : Villes-25 / Date import
Vue creee : Villes-25 / Toutes les villes
Vue creee : Villes-25 / A completer
Vue creee : Villes-25 / Sans article WordPress
Vue creee : Villes-25 / Avec article WordPress
Liste creee : Villes-26
Colonne creee : Villes-26 / Code INSEE
Colonne creee : Villes-26 / Nom commune
Colonne creee : Villes-26 / Code departement
Colonne creee : Villes-26 / Nom departement
Colonne creee : Villes-26 / Code region
Colonne texte long creee : Villes-26 / Codes postaux
Colonne nombre creee : Villes-26 / Population
Colonne creee : Villes-26 / SIREN
Colonne creee : Villes-26 / Code EPCI
Colonne creee : Villes-26 / Statut geo
Colonne creee : Villes-26 / Article WordPress
Colonne creee : Villes-26 / Produits lies
Colonne creee : Villes-26 / Medias lies
Colonne nombre creee : Villes-26 / Score completude
Colonne creee : Villes-26 / Source donnee
Colonne date creee : Villes-26 / Date import
Vue creee : Villes-26 / Toutes les villes
Vue creee : Villes-26 / A completer
Vue creee : Villes-26 / Sans article WordPress
Vue creee : Villes-26 / Avec article WordPress
Liste creee : Villes-27
Colonne creee : Villes-27 / Code INSEE
Colonne creee : Villes-27 / Nom commune
Colonne creee : Villes-27 / Code departement
Colonne creee : Villes-27 / Nom departement
Colonne creee : Villes-27 / Code region
Colonne texte long creee : Villes-27 / Codes postaux
Colonne nombre creee : Villes-27 / Population
Colonne creee : Villes-27 / SIREN
Colonne creee : Villes-27 / Code EPCI
Colonne creee : Villes-27 / Statut geo
Colonne creee : Villes-27 / Article WordPress
Colonne creee : Villes-27 / Produits lies
Colonne creee : Villes-27 / Medias lies
Colonne nombre creee : Villes-27 / Score completude
Colonne creee : Villes-27 / Source donnee
Colonne date creee : Villes-27 / Date import
Vue creee : Villes-27 / Toutes les villes
Vue creee : Villes-27 / A completer
Vue creee : Villes-27 / Sans article WordPress
Vue creee : Villes-27 / Avec article WordPress
Liste creee : Villes-28
Colonne creee : Villes-28 / Code INSEE
Colonne creee : Villes-28 / Nom commune
Colonne creee : Villes-28 / Code departement
Colonne creee : Villes-28 / Nom departement
Colonne creee : Villes-28 / Code region
Colonne texte long creee : Villes-28 / Codes postaux
Colonne nombre creee : Villes-28 / Population
Colonne creee : Villes-28 / SIREN
Colonne creee : Villes-28 / Code EPCI
Colonne creee : Villes-28 / Statut geo
Colonne creee : Villes-28 / Article WordPress
Colonne creee : Villes-28 / Produits lies
Colonne creee : Villes-28 / Medias lies
Colonne nombre creee : Villes-28 / Score completude
Colonne creee : Villes-28 / Source donnee
Colonne date creee : Villes-28 / Date import
Vue creee : Villes-28 / Toutes les villes
Vue creee : Villes-28 / A completer
Vue creee : Villes-28 / Sans article WordPress
Vue creee : Villes-28 / Avec article WordPress
Liste creee : Villes-29
Colonne creee : Villes-29 / Code INSEE
Colonne creee : Villes-29 / Nom commune
Colonne creee : Villes-29 / Code departement
Colonne creee : Villes-29 / Nom departement
Colonne creee : Villes-29 / Code region
Colonne texte long creee : Villes-29 / Codes postaux
Colonne nombre creee : Villes-29 / Population
Colonne creee : Villes-29 / SIREN
Colonne creee : Villes-29 / Code EPCI
Colonne creee : Villes-29 / Statut geo
Colonne creee : Villes-29 / Article WordPress
Colonne creee : Villes-29 / Produits lies
Colonne creee : Villes-29 / Medias lies
Colonne nombre creee : Villes-29 / Score completude
Colonne creee : Villes-29 / Source donnee
Colonne date creee : Villes-29 / Date import
Vue creee : Villes-29 / Toutes les villes
Vue creee : Villes-29 / A completer
Vue creee : Villes-29 / Sans article WordPress
Vue creee : Villes-29 / Avec article WordPress
Liste creee : Villes-2A
Colonne creee : Villes-2A / Code INSEE
Colonne creee : Villes-2A / Nom commune
Colonne creee : Villes-2A / Code departement
Colonne creee : Villes-2A / Nom departement
Colonne creee : Villes-2A / Code region
Colonne texte long creee : Villes-2A / Codes postaux
Colonne nombre creee : Villes-2A / Population
Colonne creee : Villes-2A / SIREN
Colonne creee : Villes-2A / Code EPCI
Colonne creee : Villes-2A / Statut geo
Colonne creee : Villes-2A / Article WordPress
Colonne creee : Villes-2A / Produits lies
Colonne creee : Villes-2A / Medias lies
Colonne nombre creee : Villes-2A / Score completude
Colonne creee : Villes-2A / Source donnee
Colonne date creee : Villes-2A / Date import
Vue creee : Villes-2A / Toutes les villes
Vue creee : Villes-2A / A completer
Vue creee : Villes-2A / Sans article WordPress
Vue creee : Villes-2A / Avec article WordPress
Liste creee : Villes-2B
Colonne creee : Villes-2B / Code INSEE
Colonne creee : Villes-2B / Nom commune
Colonne creee : Villes-2B / Code departement
Colonne creee : Villes-2B / Nom departement
Colonne creee : Villes-2B / Code region
Colonne texte long creee : Villes-2B / Codes postaux
Colonne nombre creee : Villes-2B / Population
Colonne creee : Villes-2B / SIREN
Colonne creee : Villes-2B / Code EPCI
Colonne creee : Villes-2B / Statut geo
Colonne creee : Villes-2B / Article WordPress
Colonne creee : Villes-2B / Produits lies
Colonne creee : Villes-2B / Medias lies
Colonne nombre creee : Villes-2B / Score completude
Colonne creee : Villes-2B / Source donnee
Colonne date creee : Villes-2B / Date import
Vue creee : Villes-2B / Toutes les villes
Vue creee : Villes-2B / A completer
Vue creee : Villes-2B / Sans article WordPress
Vue creee : Villes-2B / Avec article WordPress
Liste creee : Villes-30
Colonne creee : Villes-30 / Code INSEE
Colonne creee : Villes-30 / Nom commune
Colonne creee : Villes-30 / Code departement
Colonne creee : Villes-30 / Nom departement
Colonne creee : Villes-30 / Code region
Colonne texte long creee : Villes-30 / Codes postaux
Colonne nombre creee : Villes-30 / Population
Colonne creee : Villes-30 / SIREN
Colonne creee : Villes-30 / Code EPCI
Colonne creee : Villes-30 / Statut geo
Colonne creee : Villes-30 / Article WordPress
Colonne creee : Villes-30 / Produits lies
Colonne creee : Villes-30 / Medias lies
Colonne nombre creee : Villes-30 / Score completude
Colonne creee : Villes-30 / Source donnee
Colonne date creee : Villes-30 / Date import
Vue creee : Villes-30 / Toutes les villes
Vue creee : Villes-30 / A completer
Vue creee : Villes-30 / Sans article WordPress
Vue creee : Villes-30 / Avec article WordPress
Liste creee : Villes-31
Colonne creee : Villes-31 / Code INSEE
Colonne creee : Villes-31 / Nom commune
Colonne creee : Villes-31 / Code departement
Colonne creee : Villes-31 / Nom departement
Colonne creee : Villes-31 / Code region
Colonne texte long creee : Villes-31 / Codes postaux
Colonne nombre creee : Villes-31 / Population
Colonne creee : Villes-31 / SIREN
Colonne creee : Villes-31 / Code EPCI
Colonne creee : Villes-31 / Statut geo
Colonne creee : Villes-31 / Article WordPress
Colonne creee : Villes-31 / Produits lies
Colonne creee : Villes-31 / Medias lies
Colonne nombre creee : Villes-31 / Score completude
Colonne creee : Villes-31 / Source donnee
Colonne date creee : Villes-31 / Date import
Vue creee : Villes-31 / Toutes les villes
Vue creee : Villes-31 / A completer
Vue creee : Villes-31 / Sans article WordPress
Vue creee : Villes-31 / Avec article WordPress
Liste creee : Villes-32
Colonne creee : Villes-32 / Code INSEE
Colonne creee : Villes-32 / Nom commune
Colonne creee : Villes-32 / Code departement
Colonne creee : Villes-32 / Nom departement
Colonne creee : Villes-32 / Code region
Colonne texte long creee : Villes-32 / Codes postaux
Colonne nombre creee : Villes-32 / Population
Colonne creee : Villes-32 / SIREN
Colonne creee : Villes-32 / Code EPCI
Colonne creee : Villes-32 / Statut geo
Colonne creee : Villes-32 / Article WordPress
Colonne creee : Villes-32 / Produits lies
Colonne creee : Villes-32 / Medias lies
Colonne nombre creee : Villes-32 / Score completude
Colonne creee : Villes-32 / Source donnee
Colonne date creee : Villes-32 / Date import
Vue creee : Villes-32 / Toutes les villes
Vue creee : Villes-32 / A completer
Vue creee : Villes-32 / Sans article WordPress
Vue creee : Villes-32 / Avec article WordPress
Liste creee : Villes-33
Colonne creee : Villes-33 / Code INSEE
Colonne creee : Villes-33 / Nom commune
Colonne creee : Villes-33 / Code departement
Colonne creee : Villes-33 / Nom departement
Colonne creee : Villes-33 / Code region
Colonne texte long creee : Villes-33 / Codes postaux
Colonne nombre creee : Villes-33 / Population
Colonne creee : Villes-33 / SIREN
Colonne creee : Villes-33 / Code EPCI
Colonne creee : Villes-33 / Statut geo
Colonne creee : Villes-33 / Article WordPress
Colonne creee : Villes-33 / Produits lies
Colonne creee : Villes-33 / Medias lies
Colonne nombre creee : Villes-33 / Score completude
Colonne creee : Villes-33 / Source donnee
Colonne date creee : Villes-33 / Date import
Vue creee : Villes-33 / Toutes les villes
Vue creee : Villes-33 / A completer
Vue creee : Villes-33 / Sans article WordPress
Vue creee : Villes-33 / Avec article WordPress
Liste creee : Villes-34
Colonne creee : Villes-34 / Code INSEE
Colonne creee : Villes-34 / Nom commune
Colonne creee : Villes-34 / Code departement
Colonne creee : Villes-34 / Nom departement
Colonne creee : Villes-34 / Code region
Colonne texte long creee : Villes-34 / Codes postaux
Colonne nombre creee : Villes-34 / Population
Colonne creee : Villes-34 / SIREN
Colonne creee : Villes-34 / Code EPCI
Colonne creee : Villes-34 / Statut geo
Colonne creee : Villes-34 / Article WordPress
Colonne creee : Villes-34 / Produits lies
Colonne creee : Villes-34 / Medias lies
Colonne nombre creee : Villes-34 / Score completude
Colonne creee : Villes-34 / Source donnee
Colonne date creee : Villes-34 / Date import
Vue creee : Villes-34 / Toutes les villes
Vue creee : Villes-34 / A completer
Vue creee : Villes-34 / Sans article WordPress
Vue creee : Villes-34 / Avec article WordPress
Liste creee : Villes-35
Colonne creee : Villes-35 / Code INSEE
Colonne creee : Villes-35 / Nom commune
Colonne creee : Villes-35 / Code departement
Colonne creee : Villes-35 / Nom departement
Colonne creee : Villes-35 / Code region
Colonne texte long creee : Villes-35 / Codes postaux
Colonne nombre creee : Villes-35 / Population
Colonne creee : Villes-35 / SIREN
Colonne creee : Villes-35 / Code EPCI
Colonne creee : Villes-35 / Statut geo
Colonne creee : Villes-35 / Article WordPress
Colonne creee : Villes-35 / Produits lies
Colonne creee : Villes-35 / Medias lies
Colonne nombre creee : Villes-35 / Score completude
Colonne creee : Villes-35 / Source donnee
Colonne date creee : Villes-35 / Date import
Vue creee : Villes-35 / Toutes les villes
Vue creee : Villes-35 / A completer
Vue creee : Villes-35 / Sans article WordPress
Vue creee : Villes-35 / Avec article WordPress
Liste creee : Villes-36
Colonne creee : Villes-36 / Code INSEE
Colonne creee : Villes-36 / Nom commune
Colonne creee : Villes-36 / Code departement
Colonne creee : Villes-36 / Nom departement
Colonne creee : Villes-36 / Code region
Colonne texte long creee : Villes-36 / Codes postaux
Colonne nombre creee : Villes-36 / Population
Colonne creee : Villes-36 / SIREN
Colonne creee : Villes-36 / Code EPCI
Colonne creee : Villes-36 / Statut geo
Colonne creee : Villes-36 / Article WordPress
Colonne creee : Villes-36 / Produits lies
Colonne creee : Villes-36 / Medias lies
Colonne nombre creee : Villes-36 / Score completude
Colonne creee : Villes-36 / Source donnee
Colonne date creee : Villes-36 / Date import
Vue creee : Villes-36 / Toutes les villes
Vue creee : Villes-36 / A completer
Vue creee : Villes-36 / Sans article WordPress
Vue creee : Villes-36 / Avec article WordPress
Liste creee : Villes-37
Colonne creee : Villes-37 / Code INSEE
Colonne creee : Villes-37 / Nom commune
Colonne creee : Villes-37 / Code departement
Colonne creee : Villes-37 / Nom departement
Colonne creee : Villes-37 / Code region
Colonne texte long creee : Villes-37 / Codes postaux
Colonne nombre creee : Villes-37 / Population
Colonne creee : Villes-37 / SIREN
Colonne creee : Villes-37 / Code EPCI
Colonne creee : Villes-37 / Statut geo
Colonne creee : Villes-37 / Article WordPress
Colonne creee : Villes-37 / Produits lies
Colonne creee : Villes-37 / Medias lies
Colonne nombre creee : Villes-37 / Score completude
Colonne creee : Villes-37 / Source donnee
Colonne date creee : Villes-37 / Date import
Vue creee : Villes-37 / Toutes les villes
Vue creee : Villes-37 / A completer
Vue creee : Villes-37 / Sans article WordPress
Vue creee : Villes-37 / Avec article WordPress
Liste creee : Villes-38
Colonne creee : Villes-38 / Code INSEE
Colonne creee : Villes-38 / Nom commune
Colonne creee : Villes-38 / Code departement
Colonne creee : Villes-38 / Nom departement
Colonne creee : Villes-38 / Code region
Colonne texte long creee : Villes-38 / Codes postaux
Colonne nombre creee : Villes-38 / Population
Colonne creee : Villes-38 / SIREN
Colonne creee : Villes-38 / Code EPCI
Colonne creee : Villes-38 / Statut geo
Colonne creee : Villes-38 / Article WordPress
Colonne creee : Villes-38 / Produits lies
Colonne creee : Villes-38 / Medias lies
Colonne nombre creee : Villes-38 / Score completude
Colonne creee : Villes-38 / Source donnee
Colonne date creee : Villes-38 / Date import
Vue creee : Villes-38 / Toutes les villes
Vue creee : Villes-38 / A completer
Vue creee : Villes-38 / Sans article WordPress
Vue creee : Villes-38 / Avec article WordPress
Liste creee : Villes-39
Colonne creee : Villes-39 / Code INSEE
Colonne creee : Villes-39 / Nom commune
Colonne creee : Villes-39 / Code departement
Colonne creee : Villes-39 / Nom departement
Colonne creee : Villes-39 / Code region
Colonne texte long creee : Villes-39 / Codes postaux
Colonne nombre creee : Villes-39 / Population
Colonne creee : Villes-39 / SIREN
Colonne creee : Villes-39 / Code EPCI
Colonne creee : Villes-39 / Statut geo
Colonne creee : Villes-39 / Article WordPress
Colonne creee : Villes-39 / Produits lies
Colonne creee : Villes-39 / Medias lies
Colonne nombre creee : Villes-39 / Score completude
Colonne creee : Villes-39 / Source donnee
Colonne date creee : Villes-39 / Date import
Vue creee : Villes-39 / Toutes les villes
Vue creee : Villes-39 / A completer
Vue creee : Villes-39 / Sans article WordPress
Vue creee : Villes-39 / Avec article WordPress
Liste creee : Villes-40
Colonne creee : Villes-40 / Code INSEE
Colonne creee : Villes-40 / Nom commune
Colonne creee : Villes-40 / Code departement
Colonne creee : Villes-40 / Nom departement
Colonne creee : Villes-40 / Code region
Colonne texte long creee : Villes-40 / Codes postaux
Colonne nombre creee : Villes-40 / Population
Colonne creee : Villes-40 / SIREN
Colonne creee : Villes-40 / Code EPCI
Colonne creee : Villes-40 / Statut geo
Colonne creee : Villes-40 / Article WordPress
Colonne creee : Villes-40 / Produits lies
Colonne creee : Villes-40 / Medias lies
Colonne nombre creee : Villes-40 / Score completude
Colonne creee : Villes-40 / Source donnee
Colonne date creee : Villes-40 / Date import
Vue creee : Villes-40 / Toutes les villes
Vue creee : Villes-40 / A completer
Vue creee : Villes-40 / Sans article WordPress
Vue creee : Villes-40 / Avec article WordPress
Liste creee : Villes-41
Colonne creee : Villes-41 / Code INSEE
Colonne creee : Villes-41 / Nom commune
Colonne creee : Villes-41 / Code departement
Colonne creee : Villes-41 / Nom departement
Colonne creee : Villes-41 / Code region
Colonne texte long creee : Villes-41 / Codes postaux
Colonne nombre creee : Villes-41 / Population
Colonne creee : Villes-41 / SIREN
Colonne creee : Villes-41 / Code EPCI
Colonne creee : Villes-41 / Statut geo
Colonne creee : Villes-41 / Article WordPress
Colonne creee : Villes-41 / Produits lies
Colonne creee : Villes-41 / Medias lies
Colonne nombre creee : Villes-41 / Score completude
Colonne creee : Villes-41 / Source donnee
Colonne date creee : Villes-41 / Date import
Vue creee : Villes-41 / Toutes les villes
Vue creee : Villes-41 / A completer
Vue creee : Villes-41 / Sans article WordPress
Vue creee : Villes-41 / Avec article WordPress
Liste creee : Villes-42
Colonne creee : Villes-42 / Code INSEE
Colonne creee : Villes-42 / Nom commune
Colonne creee : Villes-42 / Code departement
Colonne creee : Villes-42 / Nom departement
Colonne creee : Villes-42 / Code region
Colonne texte long creee : Villes-42 / Codes postaux
Colonne nombre creee : Villes-42 / Population
Colonne creee : Villes-42 / SIREN
Colonne creee : Villes-42 / Code EPCI
Colonne creee : Villes-42 / Statut geo
Colonne creee : Villes-42 / Article WordPress
Colonne creee : Villes-42 / Produits lies
Colonne creee : Villes-42 / Medias lies
Colonne nombre creee : Villes-42 / Score completude
Colonne creee : Villes-42 / Source donnee
Colonne date creee : Villes-42 / Date import
Vue creee : Villes-42 / Toutes les villes
Vue creee : Villes-42 / A completer
Vue creee : Villes-42 / Sans article WordPress
Vue creee : Villes-42 / Avec article WordPress
Liste creee : Villes-43
Colonne creee : Villes-43 / Code INSEE
Colonne creee : Villes-43 / Nom commune
Colonne creee : Villes-43 / Code departement
Colonne creee : Villes-43 / Nom departement
Colonne creee : Villes-43 / Code region
Colonne texte long creee : Villes-43 / Codes postaux
Colonne nombre creee : Villes-43 / Population
Colonne creee : Villes-43 / SIREN
Colonne creee : Villes-43 / Code EPCI
Colonne creee : Villes-43 / Statut geo
Colonne creee : Villes-43 / Article WordPress
Colonne creee : Villes-43 / Produits lies
Colonne creee : Villes-43 / Medias lies
Colonne nombre creee : Villes-43 / Score completude
Colonne creee : Villes-43 / Source donnee
Colonne date creee : Villes-43 / Date import
Vue creee : Villes-43 / Toutes les villes
Vue creee : Villes-43 / A completer
Vue creee : Villes-43 / Sans article WordPress
Vue creee : Villes-43 / Avec article WordPress
Liste creee : Villes-44
Colonne creee : Villes-44 / Code INSEE
Colonne creee : Villes-44 / Nom commune
Colonne creee : Villes-44 / Code departement
Colonne creee : Villes-44 / Nom departement
Colonne creee : Villes-44 / Code region
Colonne texte long creee : Villes-44 / Codes postaux
Colonne nombre creee : Villes-44 / Population
Colonne creee : Villes-44 / SIREN
Colonne creee : Villes-44 / Code EPCI
Colonne creee : Villes-44 / Statut geo
Colonne creee : Villes-44 / Article WordPress
Colonne creee : Villes-44 / Produits lies
Colonne creee : Villes-44 / Medias lies
Colonne nombre creee : Villes-44 / Score completude
Colonne creee : Villes-44 / Source donnee
Colonne date creee : Villes-44 / Date import
Vue creee : Villes-44 / Toutes les villes
Vue creee : Villes-44 / A completer
Vue creee : Villes-44 / Sans article WordPress
Vue creee : Villes-44 / Avec article WordPress
Liste creee : Villes-45
Colonne creee : Villes-45 / Code INSEE
Colonne creee : Villes-45 / Nom commune
Colonne creee : Villes-45 / Code departement
Colonne creee : Villes-45 / Nom departement
Colonne creee : Villes-45 / Code region
Colonne texte long creee : Villes-45 / Codes postaux
Colonne nombre creee : Villes-45 / Population
Colonne creee : Villes-45 / SIREN
Colonne creee : Villes-45 / Code EPCI
Colonne creee : Villes-45 / Statut geo
Colonne creee : Villes-45 / Article WordPress
Colonne creee : Villes-45 / Produits lies
Colonne creee : Villes-45 / Medias lies
Colonne nombre creee : Villes-45 / Score completude
Colonne creee : Villes-45 / Source donnee
Colonne date creee : Villes-45 / Date import
Vue creee : Villes-45 / Toutes les villes
Vue creee : Villes-45 / A completer
Vue creee : Villes-45 / Sans article WordPress
Vue creee : Villes-45 / Avec article WordPress
Liste creee : Villes-46
Colonne creee : Villes-46 / Code INSEE
Colonne creee : Villes-46 / Nom commune
Colonne creee : Villes-46 / Code departement
Colonne creee : Villes-46 / Nom departement
Colonne creee : Villes-46 / Code region
Colonne texte long creee : Villes-46 / Codes postaux
Colonne nombre creee : Villes-46 / Population
Colonne creee : Villes-46 / SIREN
Colonne creee : Villes-46 / Code EPCI
Colonne creee : Villes-46 / Statut geo
Colonne creee : Villes-46 / Article WordPress
Colonne creee : Villes-46 / Produits lies
Colonne creee : Villes-46 / Medias lies
Colonne nombre creee : Villes-46 / Score completude
Colonne creee : Villes-46 / Source donnee
Colonne date creee : Villes-46 / Date import
Vue creee : Villes-46 / Toutes les villes
Vue creee : Villes-46 / A completer
Vue creee : Villes-46 / Sans article WordPress
Vue creee : Villes-46 / Avec article WordPress
Liste creee : Villes-47
Colonne creee : Villes-47 / Code INSEE
Colonne creee : Villes-47 / Nom commune
Colonne creee : Villes-47 / Code departement
Colonne creee : Villes-47 / Nom departement
Colonne creee : Villes-47 / Code region
Colonne texte long creee : Villes-47 / Codes postaux
Colonne nombre creee : Villes-47 / Population
Colonne creee : Villes-47 / SIREN
Colonne creee : Villes-47 / Code EPCI
Colonne creee : Villes-47 / Statut geo
Colonne creee : Villes-47 / Article WordPress
Colonne creee : Villes-47 / Produits lies
Colonne creee : Villes-47 / Medias lies
Colonne nombre creee : Villes-47 / Score completude
Colonne creee : Villes-47 / Source donnee
Colonne date creee : Villes-47 / Date import
Vue creee : Villes-47 / Toutes les villes
Vue creee : Villes-47 / A completer
Vue creee : Villes-47 / Sans article WordPress
Vue creee : Villes-47 / Avec article WordPress
Liste creee : Villes-48
Colonne creee : Villes-48 / Code INSEE
Colonne creee : Villes-48 / Nom commune
Colonne creee : Villes-48 / Code departement
Colonne creee : Villes-48 / Nom departement
Colonne creee : Villes-48 / Code region
Colonne texte long creee : Villes-48 / Codes postaux
Colonne nombre creee : Villes-48 / Population
Colonne creee : Villes-48 / SIREN
Colonne creee : Villes-48 / Code EPCI
Colonne creee : Villes-48 / Statut geo
Colonne creee : Villes-48 / Article WordPress
Colonne creee : Villes-48 / Produits lies
Colonne creee : Villes-48 / Medias lies
Colonne nombre creee : Villes-48 / Score completude
Colonne creee : Villes-48 / Source donnee
Colonne date creee : Villes-48 / Date import
Vue creee : Villes-48 / Toutes les villes
Vue creee : Villes-48 / A completer
Vue creee : Villes-48 / Sans article WordPress
Vue creee : Villes-48 / Avec article WordPress
Liste creee : Villes-49
Colonne creee : Villes-49 / Code INSEE
Colonne creee : Villes-49 / Nom commune
Colonne creee : Villes-49 / Code departement
Colonne creee : Villes-49 / Nom departement
Colonne creee : Villes-49 / Code region
Colonne texte long creee : Villes-49 / Codes postaux
Colonne nombre creee : Villes-49 / Population
Colonne creee : Villes-49 / SIREN
Colonne creee : Villes-49 / Code EPCI
Colonne creee : Villes-49 / Statut geo
Colonne creee : Villes-49 / Article WordPress
Colonne creee : Villes-49 / Produits lies
Colonne creee : Villes-49 / Medias lies
Colonne nombre creee : Villes-49 / Score completude
Colonne creee : Villes-49 / Source donnee
Colonne date creee : Villes-49 / Date import
Vue creee : Villes-49 / Toutes les villes
Vue creee : Villes-49 / A completer
Vue creee : Villes-49 / Sans article WordPress
Vue creee : Villes-49 / Avec article WordPress
Liste creee : Villes-50
Colonne creee : Villes-50 / Code INSEE
Colonne creee : Villes-50 / Nom commune
Colonne creee : Villes-50 / Code departement
Colonne creee : Villes-50 / Nom departement
Colonne creee : Villes-50 / Code region
Colonne texte long creee : Villes-50 / Codes postaux
Colonne nombre creee : Villes-50 / Population
Colonne creee : Villes-50 / SIREN
Colonne creee : Villes-50 / Code EPCI
Colonne creee : Villes-50 / Statut geo
Colonne creee : Villes-50 / Article WordPress
Colonne creee : Villes-50 / Produits lies
Colonne creee : Villes-50 / Medias lies
Colonne nombre creee : Villes-50 / Score completude
Colonne creee : Villes-50 / Source donnee
Colonne date creee : Villes-50 / Date import
Vue creee : Villes-50 / Toutes les villes
Vue creee : Villes-50 / A completer
Vue creee : Villes-50 / Sans article WordPress
Vue creee : Villes-50 / Avec article WordPress
Liste creee : Villes-51
Colonne creee : Villes-51 / Code INSEE
Colonne creee : Villes-51 / Nom commune
Colonne creee : Villes-51 / Code departement
Colonne creee : Villes-51 / Nom departement
Colonne creee : Villes-51 / Code region
Colonne texte long creee : Villes-51 / Codes postaux
Colonne nombre creee : Villes-51 / Population
Colonne creee : Villes-51 / SIREN
Colonne creee : Villes-51 / Code EPCI
Colonne creee : Villes-51 / Statut geo
Colonne creee : Villes-51 / Article WordPress
Colonne creee : Villes-51 / Produits lies
Colonne creee : Villes-51 / Medias lies
Colonne nombre creee : Villes-51 / Score completude
Colonne creee : Villes-51 / Source donnee
Colonne date creee : Villes-51 / Date import
Vue creee : Villes-51 / Toutes les villes
Vue creee : Villes-51 / A completer
Vue creee : Villes-51 / Sans article WordPress
Vue creee : Villes-51 / Avec article WordPress
Liste creee : Villes-52
Colonne creee : Villes-52 / Code INSEE
Colonne creee : Villes-52 / Nom commune
Colonne creee : Villes-52 / Code departement
Colonne creee : Villes-52 / Nom departement
Colonne creee : Villes-52 / Code region
Colonne texte long creee : Villes-52 / Codes postaux
Colonne nombre creee : Villes-52 / Population
Colonne creee : Villes-52 / SIREN
Colonne creee : Villes-52 / Code EPCI
Colonne creee : Villes-52 / Statut geo
Colonne creee : Villes-52 / Article WordPress
Colonne creee : Villes-52 / Produits lies
Colonne creee : Villes-52 / Medias lies
Colonne nombre creee : Villes-52 / Score completude
Colonne creee : Villes-52 / Source donnee
Colonne date creee : Villes-52 / Date import
Vue creee : Villes-52 / Toutes les villes
Vue creee : Villes-52 / A completer
Vue creee : Villes-52 / Sans article WordPress
Vue creee : Villes-52 / Avec article WordPress
Liste creee : Villes-53
Colonne creee : Villes-53 / Code INSEE
Colonne creee : Villes-53 / Nom commune
Colonne creee : Villes-53 / Code departement
Colonne creee : Villes-53 / Nom departement
Colonne creee : Villes-53 / Code region
Colonne texte long creee : Villes-53 / Codes postaux
Colonne nombre creee : Villes-53 / Population
Colonne creee : Villes-53 / SIREN
Colonne creee : Villes-53 / Code EPCI
Colonne creee : Villes-53 / Statut geo
Colonne creee : Villes-53 / Article WordPress
Colonne creee : Villes-53 / Produits lies
Colonne creee : Villes-53 / Medias lies
Colonne nombre creee : Villes-53 / Score completude
Colonne creee : Villes-53 / Source donnee
Colonne date creee : Villes-53 / Date import
Vue creee : Villes-53 / Toutes les villes
Vue creee : Villes-53 / A completer
Vue creee : Villes-53 / Sans article WordPress
Vue creee : Villes-53 / Avec article WordPress
Liste creee : Villes-54
Colonne creee : Villes-54 / Code INSEE
Colonne creee : Villes-54 / Nom commune
Colonne creee : Villes-54 / Code departement
Colonne creee : Villes-54 / Nom departement
Colonne creee : Villes-54 / Code region
Colonne texte long creee : Villes-54 / Codes postaux
Colonne nombre creee : Villes-54 / Population
Colonne creee : Villes-54 / SIREN
Colonne creee : Villes-54 / Code EPCI
Colonne creee : Villes-54 / Statut geo
Colonne creee : Villes-54 / Article WordPress
Colonne creee : Villes-54 / Produits lies
Colonne creee : Villes-54 / Medias lies
Colonne nombre creee : Villes-54 / Score completude
Colonne creee : Villes-54 / Source donnee
Colonne date creee : Villes-54 / Date import
Vue creee : Villes-54 / Toutes les villes
Vue creee : Villes-54 / A completer
Vue creee : Villes-54 / Sans article WordPress
Vue creee : Villes-54 / Avec article WordPress
Liste creee : Villes-55
Colonne creee : Villes-55 / Code INSEE
Colonne creee : Villes-55 / Nom commune
Colonne creee : Villes-55 / Code departement
Colonne creee : Villes-55 / Nom departement
Colonne creee : Villes-55 / Code region
Colonne texte long creee : Villes-55 / Codes postaux
Colonne nombre creee : Villes-55 / Population
Colonne creee : Villes-55 / SIREN
Colonne creee : Villes-55 / Code EPCI
Colonne creee : Villes-55 / Statut geo
Colonne creee : Villes-55 / Article WordPress
Colonne creee : Villes-55 / Produits lies
Colonne creee : Villes-55 / Medias lies
Colonne nombre creee : Villes-55 / Score completude
Colonne creee : Villes-55 / Source donnee
Colonne date creee : Villes-55 / Date import
Vue creee : Villes-55 / Toutes les villes
Vue creee : Villes-55 / A completer
Vue creee : Villes-55 / Sans article WordPress
Vue creee : Villes-55 / Avec article WordPress
Liste creee : Villes-56
Colonne creee : Villes-56 / Code INSEE
Colonne creee : Villes-56 / Nom commune
Colonne creee : Villes-56 / Code departement
Colonne creee : Villes-56 / Nom departement
Colonne creee : Villes-56 / Code region
Colonne texte long creee : Villes-56 / Codes postaux
Colonne nombre creee : Villes-56 / Population
Colonne creee : Villes-56 / SIREN
Colonne creee : Villes-56 / Code EPCI
Colonne creee : Villes-56 / Statut geo
Colonne creee : Villes-56 / Article WordPress
Colonne creee : Villes-56 / Produits lies
Colonne creee : Villes-56 / Medias lies
Colonne nombre creee : Villes-56 / Score completude
Colonne creee : Villes-56 / Source donnee
Colonne date creee : Villes-56 / Date import
Vue creee : Villes-56 / Toutes les villes
Vue creee : Villes-56 / A completer
Vue creee : Villes-56 / Sans article WordPress
Vue creee : Villes-56 / Avec article WordPress
Liste creee : Villes-57
Colonne creee : Villes-57 / Code INSEE
Colonne creee : Villes-57 / Nom commune
Colonne creee : Villes-57 / Code departement
Colonne creee : Villes-57 / Nom departement
Colonne creee : Villes-57 / Code region
Colonne texte long creee : Villes-57 / Codes postaux
Colonne nombre creee : Villes-57 / Population
Colonne creee : Villes-57 / SIREN
Colonne creee : Villes-57 / Code EPCI
Colonne creee : Villes-57 / Statut geo
Colonne creee : Villes-57 / Article WordPress
Colonne creee : Villes-57 / Produits lies
Colonne creee : Villes-57 / Medias lies
Colonne nombre creee : Villes-57 / Score completude
Colonne creee : Villes-57 / Source donnee
Colonne date creee : Villes-57 / Date import
Vue creee : Villes-57 / Toutes les villes
Vue creee : Villes-57 / A completer
Vue creee : Villes-57 / Sans article WordPress
Vue creee : Villes-57 / Avec article WordPress
Liste creee : Villes-58
Colonne creee : Villes-58 / Code INSEE
Colonne creee : Villes-58 / Nom commune
Colonne creee : Villes-58 / Code departement
Colonne creee : Villes-58 / Nom departement
Colonne creee : Villes-58 / Code region
Colonne texte long creee : Villes-58 / Codes postaux
Colonne nombre creee : Villes-58 / Population
Colonne creee : Villes-58 / SIREN
Colonne creee : Villes-58 / Code EPCI
Colonne creee : Villes-58 / Statut geo
Colonne creee : Villes-58 / Article WordPress
Colonne creee : Villes-58 / Produits lies
Colonne creee : Villes-58 / Medias lies
Colonne nombre creee : Villes-58 / Score completude
Colonne creee : Villes-58 / Source donnee
Colonne date creee : Villes-58 / Date import
Vue creee : Villes-58 / Toutes les villes
Vue creee : Villes-58 / A completer
Vue creee : Villes-58 / Sans article WordPress
Vue creee : Villes-58 / Avec article WordPress
Liste creee : Villes-59
Colonne creee : Villes-59 / Code INSEE
Colonne creee : Villes-59 / Nom commune
Colonne creee : Villes-59 / Code departement
Colonne creee : Villes-59 / Nom departement
Colonne creee : Villes-59 / Code region
Colonne texte long creee : Villes-59 / Codes postaux
Colonne nombre creee : Villes-59 / Population
Colonne creee : Villes-59 / SIREN
Colonne creee : Villes-59 / Code EPCI
Colonne creee : Villes-59 / Statut geo
Colonne creee : Villes-59 / Article WordPress
Colonne creee : Villes-59 / Produits lies
Colonne creee : Villes-59 / Medias lies
Colonne nombre creee : Villes-59 / Score completude
Colonne creee : Villes-59 / Source donnee
Colonne date creee : Villes-59 / Date import
Vue creee : Villes-59 / Toutes les villes
Vue creee : Villes-59 / A completer
Vue creee : Villes-59 / Sans article WordPress
Vue creee : Villes-59 / Avec article WordPress
Liste creee : Villes-60
Colonne creee : Villes-60 / Code INSEE
Colonne creee : Villes-60 / Nom commune
Colonne creee : Villes-60 / Code departement
Colonne creee : Villes-60 / Nom departement
Colonne creee : Villes-60 / Code region
Colonne texte long creee : Villes-60 / Codes postaux
Colonne nombre creee : Villes-60 / Population
Colonne creee : Villes-60 / SIREN
Colonne creee : Villes-60 / Code EPCI
Colonne creee : Villes-60 / Statut geo
Colonne creee : Villes-60 / Article WordPress
Colonne creee : Villes-60 / Produits lies
Colonne creee : Villes-60 / Medias lies
Colonne nombre creee : Villes-60 / Score completude
Colonne creee : Villes-60 / Source donnee
Colonne date creee : Villes-60 / Date import
Vue creee : Villes-60 / Toutes les villes
Vue creee : Villes-60 / A completer
Vue creee : Villes-60 / Sans article WordPress
Vue creee : Villes-60 / Avec article WordPress
Liste creee : Villes-61
Colonne creee : Villes-61 / Code INSEE
Colonne creee : Villes-61 / Nom commune
Colonne creee : Villes-61 / Code departement
Colonne creee : Villes-61 / Nom departement
Colonne creee : Villes-61 / Code region
Colonne texte long creee : Villes-61 / Codes postaux
Colonne nombre creee : Villes-61 / Population
Colonne creee : Villes-61 / SIREN
Colonne creee : Villes-61 / Code EPCI
Colonne creee : Villes-61 / Statut geo
Colonne creee : Villes-61 / Article WordPress
Colonne creee : Villes-61 / Produits lies
Colonne creee : Villes-61 / Medias lies
Colonne nombre creee : Villes-61 / Score completude
Colonne creee : Villes-61 / Source donnee
Colonne date creee : Villes-61 / Date import
Vue creee : Villes-61 / Toutes les villes
Vue creee : Villes-61 / A completer
Vue creee : Villes-61 / Sans article WordPress
Vue creee : Villes-61 / Avec article WordPress
Liste creee : Villes-62
Colonne creee : Villes-62 / Code INSEE
Colonne creee : Villes-62 / Nom commune
Colonne creee : Villes-62 / Code departement
Colonne creee : Villes-62 / Nom departement
Colonne creee : Villes-62 / Code region
Colonne texte long creee : Villes-62 / Codes postaux
Colonne nombre creee : Villes-62 / Population
Colonne creee : Villes-62 / SIREN
Colonne creee : Villes-62 / Code EPCI
Colonne creee : Villes-62 / Statut geo
Colonne creee : Villes-62 / Article WordPress
Colonne creee : Villes-62 / Produits lies
Colonne creee : Villes-62 / Medias lies
Colonne nombre creee : Villes-62 / Score completude
Colonne creee : Villes-62 / Source donnee
Colonne date creee : Villes-62 / Date import
Vue creee : Villes-62 / Toutes les villes
Vue creee : Villes-62 / A completer
Vue creee : Villes-62 / Sans article WordPress
Vue creee : Villes-62 / Avec article WordPress
Liste creee : Villes-63
Colonne creee : Villes-63 / Code INSEE
Colonne creee : Villes-63 / Nom commune
Colonne creee : Villes-63 / Code departement
Colonne creee : Villes-63 / Nom departement
Colonne creee : Villes-63 / Code region
Colonne texte long creee : Villes-63 / Codes postaux
Colonne nombre creee : Villes-63 / Population
Colonne creee : Villes-63 / SIREN
Colonne creee : Villes-63 / Code EPCI
Colonne creee : Villes-63 / Statut geo
Colonne creee : Villes-63 / Article WordPress
Colonne creee : Villes-63 / Produits lies
Colonne creee : Villes-63 / Medias lies
Colonne nombre creee : Villes-63 / Score completude
Colonne creee : Villes-63 / Source donnee
Colonne date creee : Villes-63 / Date import
Vue creee : Villes-63 / Toutes les villes
Vue creee : Villes-63 / A completer
Vue creee : Villes-63 / Sans article WordPress
Vue creee : Villes-63 / Avec article WordPress
Liste creee : Villes-64
Colonne creee : Villes-64 / Code INSEE
Colonne creee : Villes-64 / Nom commune
Colonne creee : Villes-64 / Code departement
Colonne creee : Villes-64 / Nom departement
Colonne creee : Villes-64 / Code region
Colonne texte long creee : Villes-64 / Codes postaux
Colonne nombre creee : Villes-64 / Population
Colonne creee : Villes-64 / SIREN
Colonne creee : Villes-64 / Code EPCI
Colonne creee : Villes-64 / Statut geo
Colonne creee : Villes-64 / Article WordPress
Colonne creee : Villes-64 / Produits lies
Colonne creee : Villes-64 / Medias lies
Colonne nombre creee : Villes-64 / Score completude
Colonne creee : Villes-64 / Source donnee
Colonne date creee : Villes-64 / Date import
Vue creee : Villes-64 / Toutes les villes
Vue creee : Villes-64 / A completer
Vue creee : Villes-64 / Sans article WordPress
Vue creee : Villes-64 / Avec article WordPress
Liste creee : Villes-65
Colonne creee : Villes-65 / Code INSEE
Colonne creee : Villes-65 / Nom commune
Colonne creee : Villes-65 / Code departement
Colonne creee : Villes-65 / Nom departement
Colonne creee : Villes-65 / Code region
Colonne texte long creee : Villes-65 / Codes postaux
Colonne nombre creee : Villes-65 / Population
Colonne creee : Villes-65 / SIREN
Colonne creee : Villes-65 / Code EPCI
Colonne creee : Villes-65 / Statut geo
Colonne creee : Villes-65 / Article WordPress
Colonne creee : Villes-65 / Produits lies
Colonne creee : Villes-65 / Medias lies
Colonne nombre creee : Villes-65 / Score completude
Colonne creee : Villes-65 / Source donnee
Colonne date creee : Villes-65 / Date import
Vue creee : Villes-65 / Toutes les villes
Vue creee : Villes-65 / A completer
Vue creee : Villes-65 / Sans article WordPress
Vue creee : Villes-65 / Avec article WordPress
Liste creee : Villes-66
Colonne creee : Villes-66 / Code INSEE
Colonne creee : Villes-66 / Nom commune
Colonne creee : Villes-66 / Code departement
Colonne creee : Villes-66 / Nom departement
Colonne creee : Villes-66 / Code region
Colonne texte long creee : Villes-66 / Codes postaux
Colonne nombre creee : Villes-66 / Population
Colonne creee : Villes-66 / SIREN
Colonne creee : Villes-66 / Code EPCI
Colonne creee : Villes-66 / Statut geo
Colonne creee : Villes-66 / Article WordPress
Colonne creee : Villes-66 / Produits lies
Colonne creee : Villes-66 / Medias lies
Colonne nombre creee : Villes-66 / Score completude
Colonne creee : Villes-66 / Source donnee
Colonne date creee : Villes-66 / Date import
Vue creee : Villes-66 / Toutes les villes
Vue creee : Villes-66 / A completer
Vue creee : Villes-66 / Sans article WordPress
Vue creee : Villes-66 / Avec article WordPress
Liste creee : Villes-67
Colonne creee : Villes-67 / Code INSEE
Colonne creee : Villes-67 / Nom commune
Colonne creee : Villes-67 / Code departement
Colonne creee : Villes-67 / Nom departement
Colonne creee : Villes-67 / Code region
Colonne texte long creee : Villes-67 / Codes postaux
Colonne nombre creee : Villes-67 / Population
Colonne creee : Villes-67 / SIREN
Colonne creee : Villes-67 / Code EPCI
Colonne creee : Villes-67 / Statut geo
Colonne creee : Villes-67 / Article WordPress
Colonne creee : Villes-67 / Produits lies
Colonne creee : Villes-67 / Medias lies
Colonne nombre creee : Villes-67 / Score completude
Colonne creee : Villes-67 / Source donnee
Colonne date creee : Villes-67 / Date import
Vue creee : Villes-67 / Toutes les villes
Vue creee : Villes-67 / A completer
Vue creee : Villes-67 / Sans article WordPress
Vue creee : Villes-67 / Avec article WordPress
Liste creee : Villes-68
Colonne creee : Villes-68 / Code INSEE
Colonne creee : Villes-68 / Nom commune
Colonne creee : Villes-68 / Code departement
Colonne creee : Villes-68 / Nom departement
Colonne creee : Villes-68 / Code region
Colonne texte long creee : Villes-68 / Codes postaux
Colonne nombre creee : Villes-68 / Population
Colonne creee : Villes-68 / SIREN
Colonne creee : Villes-68 / Code EPCI
Colonne creee : Villes-68 / Statut geo
Colonne creee : Villes-68 / Article WordPress
Colonne creee : Villes-68 / Produits lies
Colonne creee : Villes-68 / Medias lies
Colonne nombre creee : Villes-68 / Score completude
Colonne creee : Villes-68 / Source donnee
Colonne date creee : Villes-68 / Date import
Vue creee : Villes-68 / Toutes les villes
Vue creee : Villes-68 / A completer
Vue creee : Villes-68 / Sans article WordPress
Vue creee : Villes-68 / Avec article WordPress
Liste creee : Villes-69
Colonne creee : Villes-69 / Code INSEE
Colonne creee : Villes-69 / Nom commune
Colonne creee : Villes-69 / Code departement
Colonne creee : Villes-69 / Nom departement
Colonne creee : Villes-69 / Code region
Colonne texte long creee : Villes-69 / Codes postaux
Colonne nombre creee : Villes-69 / Population
Colonne creee : Villes-69 / SIREN
Colonne creee : Villes-69 / Code EPCI
Colonne creee : Villes-69 / Statut geo
Colonne creee : Villes-69 / Article WordPress
Colonne creee : Villes-69 / Produits lies
Colonne creee : Villes-69 / Medias lies
Colonne nombre creee : Villes-69 / Score completude
Colonne creee : Villes-69 / Source donnee
Colonne date creee : Villes-69 / Date import
Vue creee : Villes-69 / Toutes les villes
Vue creee : Villes-69 / A completer
Vue creee : Villes-69 / Sans article WordPress
Vue creee : Villes-69 / Avec article WordPress
Liste creee : Villes-70
Colonne creee : Villes-70 / Code INSEE
Colonne creee : Villes-70 / Nom commune
Colonne creee : Villes-70 / Code departement
Colonne creee : Villes-70 / Nom departement
Colonne creee : Villes-70 / Code region
Colonne texte long creee : Villes-70 / Codes postaux
Colonne nombre creee : Villes-70 / Population
Colonne creee : Villes-70 / SIREN
Colonne creee : Villes-70 / Code EPCI
Colonne creee : Villes-70 / Statut geo
Colonne creee : Villes-70 / Article WordPress
Colonne creee : Villes-70 / Produits lies
Colonne creee : Villes-70 / Medias lies
Colonne nombre creee : Villes-70 / Score completude
Colonne creee : Villes-70 / Source donnee
Colonne date creee : Villes-70 / Date import
Vue creee : Villes-70 / Toutes les villes
Vue creee : Villes-70 / A completer
Vue creee : Villes-70 / Sans article WordPress
Vue creee : Villes-70 / Avec article WordPress
Liste creee : Villes-71
Colonne creee : Villes-71 / Code INSEE
Colonne creee : Villes-71 / Nom commune
Colonne creee : Villes-71 / Code departement
Colonne creee : Villes-71 / Nom departement
Colonne creee : Villes-71 / Code region
Colonne texte long creee : Villes-71 / Codes postaux
Colonne nombre creee : Villes-71 / Population
Colonne creee : Villes-71 / SIREN
Colonne creee : Villes-71 / Code EPCI
Colonne creee : Villes-71 / Statut geo
Colonne creee : Villes-71 / Article WordPress
Colonne creee : Villes-71 / Produits lies
Colonne creee : Villes-71 / Medias lies
Colonne nombre creee : Villes-71 / Score completude
Colonne creee : Villes-71 / Source donnee
Colonne date creee : Villes-71 / Date import
Vue creee : Villes-71 / Toutes les villes
Vue creee : Villes-71 / A completer
Vue creee : Villes-71 / Sans article WordPress
Vue creee : Villes-71 / Avec article WordPress
Liste creee : Villes-72
Colonne creee : Villes-72 / Code INSEE
Colonne creee : Villes-72 / Nom commune
Colonne creee : Villes-72 / Code departement
Colonne creee : Villes-72 / Nom departement
Colonne creee : Villes-72 / Code region
Colonne texte long creee : Villes-72 / Codes postaux
Colonne nombre creee : Villes-72 / Population
Colonne creee : Villes-72 / SIREN
Colonne creee : Villes-72 / Code EPCI
Colonne creee : Villes-72 / Statut geo
Colonne creee : Villes-72 / Article WordPress
Colonne creee : Villes-72 / Produits lies
Colonne creee : Villes-72 / Medias lies
Colonne nombre creee : Villes-72 / Score completude
Colonne creee : Villes-72 / Source donnee
Colonne date creee : Villes-72 / Date import
Vue creee : Villes-72 / Toutes les villes
Vue creee : Villes-72 / A completer
Vue creee : Villes-72 / Sans article WordPress
Vue creee : Villes-72 / Avec article WordPress
Liste creee : Villes-73
Colonne creee : Villes-73 / Code INSEE
Colonne creee : Villes-73 / Nom commune
Colonne creee : Villes-73 / Code departement
Colonne creee : Villes-73 / Nom departement
Colonne creee : Villes-73 / Code region
Colonne texte long creee : Villes-73 / Codes postaux
Colonne nombre creee : Villes-73 / Population
Colonne creee : Villes-73 / SIREN
Colonne creee : Villes-73 / Code EPCI
Colonne creee : Villes-73 / Statut geo
Colonne creee : Villes-73 / Article WordPress
Colonne creee : Villes-73 / Produits lies
Colonne creee : Villes-73 / Medias lies
Colonne nombre creee : Villes-73 / Score completude
Colonne creee : Villes-73 / Source donnee
Colonne date creee : Villes-73 / Date import
Vue creee : Villes-73 / Toutes les villes
Vue creee : Villes-73 / A completer
Vue creee : Villes-73 / Sans article WordPress
Vue creee : Villes-73 / Avec article WordPress
Liste creee : Villes-74
Colonne creee : Villes-74 / Code INSEE
Colonne creee : Villes-74 / Nom commune
Colonne creee : Villes-74 / Code departement
Colonne creee : Villes-74 / Nom departement
Colonne creee : Villes-74 / Code region
Colonne texte long creee : Villes-74 / Codes postaux
Colonne nombre creee : Villes-74 / Population
Colonne creee : Villes-74 / SIREN
Colonne creee : Villes-74 / Code EPCI
Colonne creee : Villes-74 / Statut geo
Colonne creee : Villes-74 / Article WordPress
Colonne creee : Villes-74 / Produits lies
Colonne creee : Villes-74 / Medias lies
Colonne nombre creee : Villes-74 / Score completude
Colonne creee : Villes-74 / Source donnee
Colonne date creee : Villes-74 / Date import
Vue creee : Villes-74 / Toutes les villes
Vue creee : Villes-74 / A completer
Vue creee : Villes-74 / Sans article WordPress
Vue creee : Villes-74 / Avec article WordPress
Liste creee : Villes-75
Colonne creee : Villes-75 / Code INSEE
Colonne creee : Villes-75 / Nom commune
Colonne creee : Villes-75 / Code departement
Colonne creee : Villes-75 / Nom departement
Colonne creee : Villes-75 / Code region
Colonne texte long creee : Villes-75 / Codes postaux
Colonne nombre creee : Villes-75 / Population
Colonne creee : Villes-75 / SIREN
Colonne creee : Villes-75 / Code EPCI
Colonne creee : Villes-75 / Statut geo
Colonne creee : Villes-75 / Article WordPress
Colonne creee : Villes-75 / Produits lies
Colonne creee : Villes-75 / Medias lies
Colonne nombre creee : Villes-75 / Score completude
Colonne creee : Villes-75 / Source donnee
Colonne date creee : Villes-75 / Date import
Vue creee : Villes-75 / Toutes les villes
Vue creee : Villes-75 / A completer
Vue creee : Villes-75 / Sans article WordPress
Vue creee : Villes-75 / Avec article WordPress
Liste creee : Villes-76
Colonne creee : Villes-76 / Code INSEE
Colonne creee : Villes-76 / Nom commune
Colonne creee : Villes-76 / Code departement
Colonne creee : Villes-76 / Nom departement
Colonne creee : Villes-76 / Code region
Colonne texte long creee : Villes-76 / Codes postaux
Colonne nombre creee : Villes-76 / Population
Colonne creee : Villes-76 / SIREN
Colonne creee : Villes-76 / Code EPCI
Colonne creee : Villes-76 / Statut geo
Colonne creee : Villes-76 / Article WordPress
Colonne creee : Villes-76 / Produits lies
Colonne creee : Villes-76 / Medias lies
Colonne nombre creee : Villes-76 / Score completude
Colonne creee : Villes-76 / Source donnee
Colonne date creee : Villes-76 / Date import
Vue creee : Villes-76 / Toutes les villes
Vue creee : Villes-76 / A completer
Vue creee : Villes-76 / Sans article WordPress
Vue creee : Villes-76 / Avec article WordPress
Liste creee : Villes-77
Colonne creee : Villes-77 / Code INSEE
Colonne creee : Villes-77 / Nom commune
Colonne creee : Villes-77 / Code departement
Colonne creee : Villes-77 / Nom departement
Colonne creee : Villes-77 / Code region
Colonne texte long creee : Villes-77 / Codes postaux
Colonne nombre creee : Villes-77 / Population
Colonne creee : Villes-77 / SIREN
Colonne creee : Villes-77 / Code EPCI
Colonne creee : Villes-77 / Statut geo
Colonne creee : Villes-77 / Article WordPress
Colonne creee : Villes-77 / Produits lies
Colonne creee : Villes-77 / Medias lies
Colonne nombre creee : Villes-77 / Score completude
Colonne creee : Villes-77 / Source donnee
Colonne date creee : Villes-77 / Date import
Vue creee : Villes-77 / Toutes les villes
Vue creee : Villes-77 / A completer
Vue creee : Villes-77 / Sans article WordPress
Vue creee : Villes-77 / Avec article WordPress
Liste creee : Villes-78
Colonne creee : Villes-78 / Code INSEE
Colonne creee : Villes-78 / Nom commune
Colonne creee : Villes-78 / Code departement
Colonne creee : Villes-78 / Nom departement
Colonne creee : Villes-78 / Code region
Colonne texte long creee : Villes-78 / Codes postaux
Colonne nombre creee : Villes-78 / Population
Colonne creee : Villes-78 / SIREN
Colonne creee : Villes-78 / Code EPCI
Colonne creee : Villes-78 / Statut geo
Colonne creee : Villes-78 / Article WordPress
Colonne creee : Villes-78 / Produits lies
Colonne creee : Villes-78 / Medias lies
Colonne nombre creee : Villes-78 / Score completude
Colonne creee : Villes-78 / Source donnee
Colonne date creee : Villes-78 / Date import
Vue creee : Villes-78 / Toutes les villes
Vue creee : Villes-78 / A completer
Vue creee : Villes-78 / Sans article WordPress
Vue creee : Villes-78 / Avec article WordPress
Liste creee : Villes-79
Colonne creee : Villes-79 / Code INSEE
Colonne creee : Villes-79 / Nom commune
Colonne creee : Villes-79 / Code departement
Colonne creee : Villes-79 / Nom departement
Colonne creee : Villes-79 / Code region
Colonne texte long creee : Villes-79 / Codes postaux
Colonne nombre creee : Villes-79 / Population
Colonne creee : Villes-79 / SIREN
Colonne creee : Villes-79 / Code EPCI
Colonne creee : Villes-79 / Statut geo
Colonne creee : Villes-79 / Article WordPress
Colonne creee : Villes-79 / Produits lies
Colonne creee : Villes-79 / Medias lies
Colonne nombre creee : Villes-79 / Score completude
Colonne creee : Villes-79 / Source donnee
Colonne date creee : Villes-79 / Date import
Vue creee : Villes-79 / Toutes les villes
Vue creee : Villes-79 / A completer
Vue creee : Villes-79 / Sans article WordPress
Vue creee : Villes-79 / Avec article WordPress
Liste creee : Villes-80
Colonne creee : Villes-80 / Code INSEE
Colonne creee : Villes-80 / Nom commune
Colonne creee : Villes-80 / Code departement
Colonne creee : Villes-80 / Nom departement
Colonne creee : Villes-80 / Code region
Colonne texte long creee : Villes-80 / Codes postaux
Colonne nombre creee : Villes-80 / Population
Colonne creee : Villes-80 / SIREN
Colonne creee : Villes-80 / Code EPCI
Colonne creee : Villes-80 / Statut geo
Colonne creee : Villes-80 / Article WordPress
Colonne creee : Villes-80 / Produits lies
Colonne creee : Villes-80 / Medias lies
Colonne nombre creee : Villes-80 / Score completude
Colonne creee : Villes-80 / Source donnee
Colonne date creee : Villes-80 / Date import
Vue creee : Villes-80 / Toutes les villes
Vue creee : Villes-80 / A completer
Vue creee : Villes-80 / Sans article WordPress
Vue creee : Villes-80 / Avec article WordPress
Liste creee : Villes-81
Colonne creee : Villes-81 / Code INSEE
Colonne creee : Villes-81 / Nom commune
Colonne creee : Villes-81 / Code departement
Colonne creee : Villes-81 / Nom departement
Colonne creee : Villes-81 / Code region
Colonne texte long creee : Villes-81 / Codes postaux
Colonne nombre creee : Villes-81 / Population
Colonne creee : Villes-81 / SIREN
Colonne creee : Villes-81 / Code EPCI
Colonne creee : Villes-81 / Statut geo
Colonne creee : Villes-81 / Article WordPress
Colonne creee : Villes-81 / Produits lies
Colonne creee : Villes-81 / Medias lies
Colonne nombre creee : Villes-81 / Score completude
Colonne creee : Villes-81 / Source donnee
Colonne date creee : Villes-81 / Date import
Vue creee : Villes-81 / Toutes les villes
Vue creee : Villes-81 / A completer
Vue creee : Villes-81 / Sans article WordPress
Vue creee : Villes-81 / Avec article WordPress
Liste creee : Villes-82
Colonne creee : Villes-82 / Code INSEE
Colonne creee : Villes-82 / Nom commune
Colonne creee : Villes-82 / Code departement
Colonne creee : Villes-82 / Nom departement
Colonne creee : Villes-82 / Code region
Colonne texte long creee : Villes-82 / Codes postaux
Colonne nombre creee : Villes-82 / Population
Colonne creee : Villes-82 / SIREN
Colonne creee : Villes-82 / Code EPCI
Colonne creee : Villes-82 / Statut geo
Colonne creee : Villes-82 / Article WordPress
Colonne creee : Villes-82 / Produits lies
Colonne creee : Villes-82 / Medias lies
Colonne nombre creee : Villes-82 / Score completude
Colonne creee : Villes-82 / Source donnee
Colonne date creee : Villes-82 / Date import
Vue creee : Villes-82 / Toutes les villes
Vue creee : Villes-82 / A completer
Vue creee : Villes-82 / Sans article WordPress
Vue creee : Villes-82 / Avec article WordPress
Liste creee : Villes-83
Colonne creee : Villes-83 / Code INSEE
Colonne creee : Villes-83 / Nom commune
Colonne creee : Villes-83 / Code departement
Colonne creee : Villes-83 / Nom departement
Colonne creee : Villes-83 / Code region
Colonne texte long creee : Villes-83 / Codes postaux
Colonne nombre creee : Villes-83 / Population
Colonne creee : Villes-83 / SIREN
Colonne creee : Villes-83 / Code EPCI
Colonne creee : Villes-83 / Statut geo
Colonne creee : Villes-83 / Article WordPress
Colonne creee : Villes-83 / Produits lies
Colonne creee : Villes-83 / Medias lies
Colonne nombre creee : Villes-83 / Score completude
Colonne creee : Villes-83 / Source donnee
Colonne date creee : Villes-83 / Date import
Vue creee : Villes-83 / Toutes les villes
Vue creee : Villes-83 / A completer
Vue creee : Villes-83 / Sans article WordPress
Vue creee : Villes-83 / Avec article WordPress
Liste creee : Villes-84
Colonne creee : Villes-84 / Code INSEE
Colonne creee : Villes-84 / Nom commune
Colonne creee : Villes-84 / Code departement
Colonne creee : Villes-84 / Nom departement
Colonne creee : Villes-84 / Code region
Colonne texte long creee : Villes-84 / Codes postaux
Colonne nombre creee : Villes-84 / Population
Colonne creee : Villes-84 / SIREN
Colonne creee : Villes-84 / Code EPCI
Colonne creee : Villes-84 / Statut geo
Colonne creee : Villes-84 / Article WordPress
Colonne creee : Villes-84 / Produits lies
Colonne creee : Villes-84 / Medias lies
Colonne nombre creee : Villes-84 / Score completude
Colonne creee : Villes-84 / Source donnee
Colonne date creee : Villes-84 / Date import
Vue creee : Villes-84 / Toutes les villes
Vue creee : Villes-84 / A completer
Vue creee : Villes-84 / Sans article WordPress
Vue creee : Villes-84 / Avec article WordPress
Liste creee : Villes-85
Colonne creee : Villes-85 / Code INSEE
Colonne creee : Villes-85 / Nom commune
Colonne creee : Villes-85 / Code departement
Colonne creee : Villes-85 / Nom departement
Colonne creee : Villes-85 / Code region
Colonne texte long creee : Villes-85 / Codes postaux
Colonne nombre creee : Villes-85 / Population
Colonne creee : Villes-85 / SIREN
Colonne creee : Villes-85 / Code EPCI
Colonne creee : Villes-85 / Statut geo
Colonne creee : Villes-85 / Article WordPress
Colonne creee : Villes-85 / Produits lies
Colonne creee : Villes-85 / Medias lies
Colonne nombre creee : Villes-85 / Score completude
Colonne creee : Villes-85 / Source donnee
Colonne date creee : Villes-85 / Date import
Vue creee : Villes-85 / Toutes les villes
Vue creee : Villes-85 / A completer
Vue creee : Villes-85 / Sans article WordPress
Vue creee : Villes-85 / Avec article WordPress
Liste creee : Villes-86
Colonne creee : Villes-86 / Code INSEE
Colonne creee : Villes-86 / Nom commune
Colonne creee : Villes-86 / Code departement
Colonne creee : Villes-86 / Nom departement
Colonne creee : Villes-86 / Code region
Colonne texte long creee : Villes-86 / Codes postaux
Colonne nombre creee : Villes-86 / Population
Colonne creee : Villes-86 / SIREN
Colonne creee : Villes-86 / Code EPCI
Colonne creee : Villes-86 / Statut geo
Colonne creee : Villes-86 / Article WordPress
Colonne creee : Villes-86 / Produits lies
Colonne creee : Villes-86 / Medias lies
Colonne nombre creee : Villes-86 / Score completude
Colonne creee : Villes-86 / Source donnee
Colonne date creee : Villes-86 / Date import
Vue creee : Villes-86 / Toutes les villes
Vue creee : Villes-86 / A completer
Vue creee : Villes-86 / Sans article WordPress
Vue creee : Villes-86 / Avec article WordPress
Liste creee : Villes-87
Colonne creee : Villes-87 / Code INSEE
Colonne creee : Villes-87 / Nom commune
Colonne creee : Villes-87 / Code departement
Colonne creee : Villes-87 / Nom departement
Colonne creee : Villes-87 / Code region
Colonne texte long creee : Villes-87 / Codes postaux
Colonne nombre creee : Villes-87 / Population
Colonne creee : Villes-87 / SIREN
Colonne creee : Villes-87 / Code EPCI
Colonne creee : Villes-87 / Statut geo
Colonne creee : Villes-87 / Article WordPress
Colonne creee : Villes-87 / Produits lies
Colonne creee : Villes-87 / Medias lies
Colonne nombre creee : Villes-87 / Score completude
Colonne creee : Villes-87 / Source donnee
Colonne date creee : Villes-87 / Date import
Vue creee : Villes-87 / Toutes les villes
Vue creee : Villes-87 / A completer
Vue creee : Villes-87 / Sans article WordPress
Vue creee : Villes-87 / Avec article WordPress
Liste creee : Villes-88
Colonne creee : Villes-88 / Code INSEE
Colonne creee : Villes-88 / Nom commune
Colonne creee : Villes-88 / Code departement
Colonne creee : Villes-88 / Nom departement
Colonne creee : Villes-88 / Code region
Colonne texte long creee : Villes-88 / Codes postaux
Colonne nombre creee : Villes-88 / Population
Colonne creee : Villes-88 / SIREN
Colonne creee : Villes-88 / Code EPCI
Colonne creee : Villes-88 / Statut geo
Colonne creee : Villes-88 / Article WordPress
Colonne creee : Villes-88 / Produits lies
Colonne creee : Villes-88 / Medias lies
Colonne nombre creee : Villes-88 / Score completude
Colonne creee : Villes-88 / Source donnee
Colonne date creee : Villes-88 / Date import
Vue creee : Villes-88 / Toutes les villes
Vue creee : Villes-88 / A completer
Vue creee : Villes-88 / Sans article WordPress
Vue creee : Villes-88 / Avec article WordPress
Liste creee : Villes-89
Colonne creee : Villes-89 / Code INSEE
Colonne creee : Villes-89 / Nom commune
Colonne creee : Villes-89 / Code departement
Colonne creee : Villes-89 / Nom departement
Colonne creee : Villes-89 / Code region
Colonne texte long creee : Villes-89 / Codes postaux
Colonne nombre creee : Villes-89 / Population
Colonne creee : Villes-89 / SIREN
Colonne creee : Villes-89 / Code EPCI
Colonne creee : Villes-89 / Statut geo
Colonne creee : Villes-89 / Article WordPress
Colonne creee : Villes-89 / Produits lies
Colonne creee : Villes-89 / Medias lies
Colonne nombre creee : Villes-89 / Score completude
Colonne creee : Villes-89 / Source donnee
Colonne date creee : Villes-89 / Date import
Vue creee : Villes-89 / Toutes les villes
Vue creee : Villes-89 / A completer
Vue creee : Villes-89 / Sans article WordPress
Vue creee : Villes-89 / Avec article WordPress
Liste creee : Villes-90
Colonne creee : Villes-90 / Code INSEE
Colonne creee : Villes-90 / Nom commune
Colonne creee : Villes-90 / Code departement
Colonne creee : Villes-90 / Nom departement
Colonne creee : Villes-90 / Code region
Colonne texte long creee : Villes-90 / Codes postaux
Colonne nombre creee : Villes-90 / Population
Colonne creee : Villes-90 / SIREN
Colonne creee : Villes-90 / Code EPCI
Colonne creee : Villes-90 / Statut geo
Colonne creee : Villes-90 / Article WordPress
Colonne creee : Villes-90 / Produits lies
Colonne creee : Villes-90 / Medias lies
Colonne nombre creee : Villes-90 / Score completude
Colonne creee : Villes-90 / Source donnee
Colonne date creee : Villes-90 / Date import
Vue creee : Villes-90 / Toutes les villes
Vue creee : Villes-90 / A completer
Vue creee : Villes-90 / Sans article WordPress
Vue creee : Villes-90 / Avec article WordPress
Liste creee : Villes-91
Colonne creee : Villes-91 / Code INSEE
Colonne creee : Villes-91 / Nom commune
Colonne creee : Villes-91 / Code departement
Colonne creee : Villes-91 / Nom departement
Colonne creee : Villes-91 / Code region
Colonne texte long creee : Villes-91 / Codes postaux
Colonne nombre creee : Villes-91 / Population
Colonne creee : Villes-91 / SIREN
Colonne creee : Villes-91 / Code EPCI
Colonne creee : Villes-91 / Statut geo
Colonne creee : Villes-91 / Article WordPress
Colonne creee : Villes-91 / Produits lies
Colonne creee : Villes-91 / Medias lies
Colonne nombre creee : Villes-91 / Score completude
Colonne creee : Villes-91 / Source donnee
Colonne date creee : Villes-91 / Date import
Vue creee : Villes-91 / Toutes les villes
Vue creee : Villes-91 / A completer
Vue creee : Villes-91 / Sans article WordPress
Vue creee : Villes-91 / Avec article WordPress
Liste creee : Villes-92
Colonne creee : Villes-92 / Code INSEE
Colonne creee : Villes-92 / Nom commune
Colonne creee : Villes-92 / Code departement
Colonne creee : Villes-92 / Nom departement
Colonne creee : Villes-92 / Code region
Colonne texte long creee : Villes-92 / Codes postaux
Colonne nombre creee : Villes-92 / Population
Colonne creee : Villes-92 / SIREN
Colonne creee : Villes-92 / Code EPCI
Colonne creee : Villes-92 / Statut geo
Colonne creee : Villes-92 / Article WordPress
Colonne creee : Villes-92 / Produits lies
Colonne creee : Villes-92 / Medias lies
Colonne nombre creee : Villes-92 / Score completude
Colonne creee : Villes-92 / Source donnee
Colonne date creee : Villes-92 / Date import
Vue creee : Villes-92 / Toutes les villes
Vue creee : Villes-92 / A completer
Vue creee : Villes-92 / Sans article WordPress
Vue creee : Villes-92 / Avec article WordPress
Liste creee : Villes-93
Colonne creee : Villes-93 / Code INSEE
Colonne creee : Villes-93 / Nom commune
Colonne creee : Villes-93 / Code departement
Colonne creee : Villes-93 / Nom departement
Colonne creee : Villes-93 / Code region
Colonne texte long creee : Villes-93 / Codes postaux
Colonne nombre creee : Villes-93 / Population
Colonne creee : Villes-93 / SIREN
Colonne creee : Villes-93 / Code EPCI
Colonne creee : Villes-93 / Statut geo
Colonne creee : Villes-93 / Article WordPress
Colonne creee : Villes-93 / Produits lies
Colonne creee : Villes-93 / Medias lies
Colonne nombre creee : Villes-93 / Score completude
Colonne creee : Villes-93 / Source donnee
Colonne date creee : Villes-93 / Date import
Vue creee : Villes-93 / Toutes les villes
Vue creee : Villes-93 / A completer
Vue creee : Villes-93 / Sans article WordPress
Vue creee : Villes-93 / Avec article WordPress
Liste creee : Villes-94
Colonne creee : Villes-94 / Code INSEE
Colonne creee : Villes-94 / Nom commune
Colonne creee : Villes-94 / Code departement
Colonne creee : Villes-94 / Nom departement
Colonne creee : Villes-94 / Code region
Colonne texte long creee : Villes-94 / Codes postaux
Colonne nombre creee : Villes-94 / Population
Colonne creee : Villes-94 / SIREN
Colonne creee : Villes-94 / Code EPCI
Colonne creee : Villes-94 / Statut geo
Colonne creee : Villes-94 / Article WordPress
Colonne creee : Villes-94 / Produits lies
Colonne creee : Villes-94 / Medias lies
Colonne nombre creee : Villes-94 / Score completude
Colonne creee : Villes-94 / Source donnee
Colonne date creee : Villes-94 / Date import
Vue creee : Villes-94 / Toutes les villes
Vue creee : Villes-94 / A completer
Vue creee : Villes-94 / Sans article WordPress
Vue creee : Villes-94 / Avec article WordPress
Liste creee : Villes-95
Colonne creee : Villes-95 / Code INSEE
Colonne creee : Villes-95 / Nom commune
Colonne creee : Villes-95 / Code departement
Colonne creee : Villes-95 / Nom departement
Colonne creee : Villes-95 / Code region
Colonne texte long creee : Villes-95 / Codes postaux
Colonne nombre creee : Villes-95 / Population
Colonne creee : Villes-95 / SIREN
Colonne creee : Villes-95 / Code EPCI
Colonne creee : Villes-95 / Statut geo
Colonne creee : Villes-95 / Article WordPress
Colonne creee : Villes-95 / Produits lies
Colonne creee : Villes-95 / Medias lies
Colonne nombre creee : Villes-95 / Score completude
Colonne creee : Villes-95 / Source donnee
Colonne date creee : Villes-95 / Date import
Vue creee : Villes-95 / Toutes les villes
Vue creee : Villes-95 / A completer
Vue creee : Villes-95 / Sans article WordPress
Vue creee : Villes-95 / Avec article WordPress
Liste creee : Villes-971
Colonne creee : Villes-971 / Code INSEE
Colonne creee : Villes-971 / Nom commune
Colonne creee : Villes-971 / Code departement
Colonne creee : Villes-971 / Nom departement
Colonne creee : Villes-971 / Code region
Colonne texte long creee : Villes-971 / Codes postaux
Colonne nombre creee : Villes-971 / Population
Colonne creee : Villes-971 / SIREN
Colonne creee : Villes-971 / Code EPCI
Colonne creee : Villes-971 / Statut geo
Colonne creee : Villes-971 / Article WordPress
Colonne creee : Villes-971 / Produits lies
Colonne creee : Villes-971 / Medias lies
Colonne nombre creee : Villes-971 / Score completude
Colonne creee : Villes-971 / Source donnee
Colonne date creee : Villes-971 / Date import
Vue creee : Villes-971 / Toutes les villes
Vue creee : Villes-971 / A completer
Vue creee : Villes-971 / Sans article WordPress
Vue creee : Villes-971 / Avec article WordPress
Liste creee : Villes-972
Colonne creee : Villes-972 / Code INSEE
Colonne creee : Villes-972 / Nom commune
Colonne creee : Villes-972 / Code departement
Colonne creee : Villes-972 / Nom departement
Colonne creee : Villes-972 / Code region
Colonne texte long creee : Villes-972 / Codes postaux
Colonne nombre creee : Villes-972 / Population
Colonne creee : Villes-972 / SIREN
Colonne creee : Villes-972 / Code EPCI
Colonne creee : Villes-972 / Statut geo
Colonne creee : Villes-972 / Article WordPress
Colonne creee : Villes-972 / Produits lies
Colonne creee : Villes-972 / Medias lies
Colonne nombre creee : Villes-972 / Score completude
Colonne creee : Villes-972 / Source donnee
Colonne date creee : Villes-972 / Date import
Vue creee : Villes-972 / Toutes les villes
Vue creee : Villes-972 / A completer
Vue creee : Villes-972 / Sans article WordPress
Vue creee : Villes-972 / Avec article WordPress
Liste creee : Villes-973
Colonne creee : Villes-973 / Code INSEE
Colonne creee : Villes-973 / Nom commune
Colonne creee : Villes-973 / Code departement
Colonne creee : Villes-973 / Nom departement
Colonne creee : Villes-973 / Code region
Colonne texte long creee : Villes-973 / Codes postaux
Colonne nombre creee : Villes-973 / Population
Colonne creee : Villes-973 / SIREN
Colonne creee : Villes-973 / Code EPCI
Colonne creee : Villes-973 / Statut geo
Colonne creee : Villes-973 / Article WordPress
Colonne creee : Villes-973 / Produits lies
Colonne creee : Villes-973 / Medias lies
Colonne nombre creee : Villes-973 / Score completude
Colonne creee : Villes-973 / Source donnee
Colonne date creee : Villes-973 / Date import
Vue creee : Villes-973 / Toutes les villes
Vue creee : Villes-973 / A completer
Vue creee : Villes-973 / Sans article WordPress
Vue creee : Villes-973 / Avec article WordPress
Liste creee : Villes-974
Colonne creee : Villes-974 / Code INSEE
Colonne creee : Villes-974 / Nom commune
Colonne creee : Villes-974 / Code departement
Colonne creee : Villes-974 / Nom departement
Colonne creee : Villes-974 / Code region
Colonne texte long creee : Villes-974 / Codes postaux
Colonne nombre creee : Villes-974 / Population
Colonne creee : Villes-974 / SIREN
Colonne creee : Villes-974 / Code EPCI
Colonne creee : Villes-974 / Statut geo
Colonne creee : Villes-974 / Article WordPress
Colonne creee : Villes-974 / Produits lies
Colonne creee : Villes-974 / Medias lies
Colonne nombre creee : Villes-974 / Score completude
Colonne creee : Villes-974 / Source donnee
Colonne date creee : Villes-974 / Date import
Vue creee : Villes-974 / Toutes les villes
Vue creee : Villes-974 / A completer
Vue creee : Villes-974 / Sans article WordPress
Vue creee : Villes-974 / Avec article WordPress
Liste creee : Villes-976
Colonne creee : Villes-976 / Code INSEE
Colonne creee : Villes-976 / Nom commune
Colonne creee : Villes-976 / Code departement
Colonne creee : Villes-976 / Nom departement
Colonne creee : Villes-976 / Code region
Colonne texte long creee : Villes-976 / Codes postaux
Colonne nombre creee : Villes-976 / Population
Colonne creee : Villes-976 / SIREN
Colonne creee : Villes-976 / Code EPCI
Colonne creee : Villes-976 / Statut geo
Colonne creee : Villes-976 / Article WordPress
Colonne creee : Villes-976 / Produits lies
Colonne creee : Villes-976 / Medias lies
Colonne nombre creee : Villes-976 / Score completude
Colonne creee : Villes-976 / Source donnee
Colonne date creee : Villes-976 / Date import
Vue creee : Villes-976 / Toutes les villes
Vue creee : Villes-976 / A completer
Vue creee : Villes-976 / Sans article WordPress
Vue creee : Villes-976 / Avec article WordPress

============================================================
 TERMINE
============================================================
Log : C:\Users\PascalZIMMER_b9lyro1\DemainSite\DemainSite écosystème - Bibliothèque Centrale\DSE-INSTALLER-VILLES-PAR-DEPARTEMENT-V1-2\logs\DSE-VILLES-PAR-DEPARTEMENT-20260804-100451.log
**********************
PowerShell transcript end
End time: 20260804105444
**********************
