**********************
PowerShell transcript start
Start time: 20260803225107
Username: AzureAD\PascalZIMMER_b9lyro1
RunAs User: AzureAD\PascalZIMMER_b9lyro1
Configuration Name: 
Machine: ZENBOOK17 (Microsoft Windows NT 10.0.26200.0)
Host Application: C:\Program Files\PowerShell\7\pwsh.dll -NoProfile -ExecutionPolicy Bypass -File C:\Users\PascalZIMMER_b9lyro1\DemainSite\DemainSite écosystème - Bibliothèque Centrale\DSE-VUES-COMMUNES-A-Z-V1-0\RUN-CREER-VUES-COMMUNES-A-Z.ps1 -Mode Update
Process ID: 20188
PSVersion: 7.6.3
PSEdition: Core
GitCommitId: 7.6.3
OS: Microsoft Windows 10.0.26200
Platform: Win32NT
PSCompatibleVersions: 1.0, 2.0, 3.0, 4.0, 5.0, 5.1, 6.0, 7.0
PSRemotingProtocolVersion: 2.4
SerializationVersion: 1.1.0.1
WSManStackVersion: 3.0
**********************

============================================================
 DEMAINSITE - VUES COMMUNES A-Z V1.0
============================================================
Mode : Update
PS>TerminatingError(Get-PnPWeb): "You are not signed in. Please use Connect-PnPOnline to connect."
Connexion SharePoint absente. Connexion DeviceLogin...
Connexion SharePoint OK : https://blogssite.sharepoint.com/sites/Bibliotheque
Liste Villes detectee : 92 elements
Colonne preparee : Villes / Lettre Commune

============================================================
 MISE A JOUR DES LETTRES COMMUNE
============================================================
Lettres mises a jour : 92

============================================================
 CREATION DES VUES A-Z
============================================================
Vue creee : Communes - Toutes A-Z
Vue creee : Communes - A
Vue creee : Communes - B
Vue creee : Communes - C
Vue creee : Communes - D
Vue creee : Communes - E
Vue creee : Communes - F
Vue creee : Communes - G
Vue creee : Communes - H
Vue creee : Communes - I
Vue creee : Communes - J
Vue creee : Communes - K
Vue creee : Communes - L
Vue creee : Communes - M
Vue creee : Communes - N
Vue creee : Communes - O
Vue creee : Communes - P
Vue creee : Communes - Q
Vue creee : Communes - R
Vue creee : Communes - S
Vue creee : Communes - T
Vue creee : Communes - U
Vue creee : Communes - V
Vue creee : Communes - W
Vue creee : Communes - X
Vue creee : Communes - Y
Vue creee : Communes - Z
Vue creee : Communes - Autres

============================================================
 RAPPORT FINAL
============================================================
Vues creees : Communes - Toutes A-Z + Communes - A a Z + Communes - Autres
Log : C:\Users\PascalZIMMER_b9lyro1\DemainSite\DemainSite écosystème - Bibliothèque Centrale\DSE-VUES-COMMUNES-A-Z-V1-0\logs\DSE-VUES-COMMUNES-A-Z-20260803-225106.log
**********************
PowerShell transcript end
End time: 20260803225339
**********************
